Archive member included to satisfy reference by file (symbol)

c:/program files (x86)/atollic/truestudio for stm32 9.0.1/armtools/bin/../lib/gcc/arm-atollic-eabi/6.3.1/../../../../arm-atollic-eabi/lib/armv7e-m/softfp\libc_nano.a(lib_a-init.o)
                              TrueSTUDIO\startup_stm32f429_439xx.o (__libc_init_array)
c:/program files (x86)/atollic/truestudio for stm32 9.0.1/armtools/bin/../lib/gcc/arm-atollic-eabi/6.3.1/../../../../arm-atollic-eabi/lib/armv7e-m/softfp\libc_nano.a(lib_a-memset.o)
                              STM32F4xx_StdPeriph_Driver\stm32f4xx_cryp_aes.o (memset)

Allocating common symbols
Common symbol       size              file

sEEDMA_InitStructure
                    0x3c              STM32F429I-Discovery\stm32f429i_discovery.o
Xval                0x1               User\main.o
X_BiasError         0x4               User\main.o
Buffer              0x18              User\main.o
NVIC_InitStructure  0x4               STM32F429I-Discovery\stm32f429i_discovery.o
RCC_Clocks          0x10              User\main.o
Gyro                0xc               User\main.o
Y_BiasError         0x4               User\main.o

Discarded input sections

 .text          0x00000000        0x0 c:/program files (x86)/atollic/truestudio for stm32 9.0.1/armtools/bin/../lib/gcc/arm-atollic-eabi/6.3.1/armv7e-m/softfp/crti.o
 .data          0x00000000        0x0 c:/program files (x86)/atollic/truestudio for stm32 9.0.1/armtools/bin/../lib/gcc/arm-atollic-eabi/6.3.1/armv7e-m/softfp/crti.o
 .bss           0x00000000        0x0 c:/program files (x86)/atollic/truestudio for stm32 9.0.1/armtools/bin/../lib/gcc/arm-atollic-eabi/6.3.1/armv7e-m/softfp/crti.o
 .data          0x00000000        0x4 c:/program files (x86)/atollic/truestudio for stm32 9.0.1/armtools/bin/../lib/gcc/arm-atollic-eabi/6.3.1/armv7e-m/softfp/crtbegin.o
 .text          0x00000000        0x0 STM32F429I-Discovery\stm32f429i_discovery.o
 .data          0x00000000        0x0 STM32F429I-Discovery\stm32f429i_discovery.o
 .bss           0x00000000        0x0 STM32F429I-Discovery\stm32f429i_discovery.o
 .text.STM_EVAL_LEDInit
                0x00000000       0x4c STM32F429I-Discovery\stm32f429i_discovery.o
 .text.STM_EVAL_LEDOn
                0x00000000       0x18 STM32F429I-Discovery\stm32f429i_discovery.o
 .text.STM_EVAL_LEDOff
                0x00000000       0x18 STM32F429I-Discovery\stm32f429i_discovery.o
 .text.STM_EVAL_LEDToggle
                0x00000000       0x1c STM32F429I-Discovery\stm32f429i_discovery.o
 .text.STM_EVAL_PBInit
                0x00000000       0x7c STM32F429I-Discovery\stm32f429i_discovery.o
 .text.STM_EVAL_PBGetState
                0x00000000       0x14 STM32F429I-Discovery\stm32f429i_discovery.o
 .text.sEE_LowLevel_DeInit
                0x00000000       0xa0 STM32F429I-Discovery\stm32f429i_discovery.o
 .text.sEE_LowLevel_Init
                0x00000000      0x160 STM32F429I-Discovery\stm32f429i_discovery.o
 .text.sEE_LowLevel_DMAConfig
                0x00000000       0x2c STM32F429I-Discovery\stm32f429i_discovery.o
 .data.BUTTON_PORT
                0x00000000        0x4 STM32F429I-Discovery\stm32f429i_discovery.o
 .data.GPIO_PORT
                0x00000000        0x8 STM32F429I-Discovery\stm32f429i_discovery.o
 .rodata.BUTTON_CLK
                0x00000000        0x4 STM32F429I-Discovery\stm32f429i_discovery.o
 .rodata.BUTTON_EXTI_LINE
                0x00000000        0x2 STM32F429I-Discovery\stm32f429i_discovery.o
 .rodata.BUTTON_IRQn
                0x00000000        0x1 STM32F429I-Discovery\stm32f429i_discovery.o
 .rodata.BUTTON_PIN
                0x00000000        0x2 STM32F429I-Discovery\stm32f429i_discovery.o
 .rodata.BUTTON_PIN_SOURCE
                0x00000000        0x1 STM32F429I-Discovery\stm32f429i_discovery.o
 .rodata.BUTTON_PORT_SOURCE
                0x00000000        0x1 STM32F429I-Discovery\stm32f429i_discovery.o
 .rodata.GPIO_CLK
                0x00000000        0x8 STM32F429I-Discovery\stm32f429i_discovery.o
 .rodata.GPIO_PIN
                0x00000000        0x4 STM32F429I-Discovery\stm32f429i_discovery.o
 .debug_info    0x00000000     0x1099 STM32F429I-Discovery\stm32f429i_discovery.o
 .debug_abbrev  0x00000000      0x226 STM32F429I-Discovery\stm32f429i_discovery.o
 .debug_loc     0x00000000      0x13f STM32F429I-Discovery\stm32f429i_discovery.o
 .debug_aranges
                0x00000000       0x60 STM32F429I-Discovery\stm32f429i_discovery.o
 .debug_ranges  0x00000000       0x50 STM32F429I-Discovery\stm32f429i_discovery.o
 .debug_line    0x00000000      0x419 STM32F429I-Discovery\stm32f429i_discovery.o
 .debug_str     0x00000000      0xf8d STM32F429I-Discovery\stm32f429i_discovery.o
 .comment       0x00000000       0x7d STM32F429I-Discovery\stm32f429i_discovery.o
 .debug_frame   0x00000000       0xec STM32F429I-Discovery\stm32f429i_discovery.o
 .ARM.attributes
[...]
Memory Configuration

Name             Origin             Length             Attributes
FLASH            0x08000000         0x00200000         xr
RAM              0x20000000         0x00030000         xrw
MEMORY_B1        0x60000000         0x00000000         xr
CCMRAM           0x10000000         0x00010000         rw
*default*        0x00000000         0xffffffff

Linker script and memory map

LOAD c:/program files (x86)/atollic/truestudio for stm32 9.0.1/armtools/bin/../lib/gcc/arm-atollic-eabi/6.3.1/armv7e-m/softfp/crti.o
LOAD c:/program files (x86)/atollic/truestudio for stm32 9.0.1/armtools/bin/../lib/gcc/arm-atollic-eabi/6.3.1/armv7e-m/softfp/crtbegin.o
LOAD STM32F429I-Discovery\stm32f429i_discovery.o
LOAD STM32F429I-Discovery\stm32f429i_discovery_l3gd20.o
LOAD STM32F429I-Discovery\stm32f429i_discovery_lcd.o
LOAD STM32F429I-Discovery\stm32f429i_discovery_sdram.o
LOAD STM32F4xx_StdPeriph_Driver\misc.o
LOAD STM32F4xx_StdPeriph_Driver\stm32f4xx_adc.o
LOAD STM32F4xx_StdPeriph_Driver\stm32f4xx_can.o
LOAD STM32F4xx_StdPeriph_Driver\stm32f4xx_crc.o
LOAD STM32F4xx_StdPeriph_Driver\stm32f4xx_cryp.o
LOAD STM32F4xx_StdPeriph_Driver\stm32f4xx_cryp_aes.o
LOAD STM32F4xx_StdPeriph_Driver\stm32f4xx_cryp_des.o
LOAD STM32F4xx_StdPeriph_Driver\stm32f4xx_cryp_tdes.o
LOAD STM32F4xx_StdPeriph_Driver\stm32f4xx_dac.o
LOAD STM32F4xx_StdPeriph_Driver\stm32f4xx_dbgmcu.o
LOAD STM32F4xx_StdPeriph_Driver\stm32f4xx_dcmi.o
LOAD STM32F4xx_StdPeriph_Driver\stm32f4xx_dma.o
LOAD STM32F4xx_StdPeriph_Driver\stm32f4xx_dma2d.o
LOAD STM32F4xx_StdPeriph_Driver\stm32f4xx_exti.o
LOAD STM32F4xx_StdPeriph_Driver\stm32f4xx_flash.o
LOAD STM32F4xx_StdPeriph_Driver\stm32f4xx_fmc.o
LOAD STM32F4xx_StdPeriph_Driver\stm32f4xx_gpio.o
LOAD STM32F4xx_StdPeriph_Driver\stm32f4xx_hash.o
LOAD STM32F4xx_StdPeriph_Driver\stm32f4xx_hash_md5.o
LOAD STM32F4xx_StdPeriph_Driver\stm32f4xx_hash_sha1.o
LOAD STM32F4xx_StdPeriph_Driver\stm32f4xx_i2c.o
LOAD STM32F4xx_StdPeriph_Driver\stm32f4xx_iwdg.o
LOAD STM32F4xx_StdPeriph_Driver\stm32f4xx_ltdc.o
LOAD STM32F4xx_StdPeriph_Driver\stm32f4xx_pwr.o
LOAD STM32F4xx_StdPeriph_Driver\stm32f4xx_rcc.o
LOAD STM32F4xx_StdPeriph_Driver\stm32f4xx_rng.o
LOAD STM32F4xx_StdPeriph_Driver\stm32f4xx_rtc.o
LOAD STM32F4xx_StdPeriph_Driver\stm32f4xx_sai.o
LOAD STM32F4xx_StdPeriph_Driver\stm32f4xx_sdio.o
LOAD STM32F4xx_StdPeriph_Driver\stm32f4xx_spi.o
LOAD STM32F4xx_StdPeriph_Driver\stm32f4xx_syscfg.o
LOAD STM32F4xx_StdPeriph_Driver\stm32f4xx_tim.o
LOAD STM32F4xx_StdPeriph_Driver\stm32f4xx_usart.o
LOAD STM32F4xx_StdPeriph_Driver\stm32f4xx_wwdg.o
LOAD TrueSTUDIO\startup_stm32f429_439xx.o
LOAD User\main.o
LOAD User\stm32f4xx_it.o
LOAD User\system_stm32f4xx.o
                0x00000080                malloc_getpagesize_P = 0x80
START GROUP
LOAD c:/program files (x86)/atollic/truestudio for stm32 9.0.1/armtools/bin/../lib/gcc/arm-atollic-eabi/6.3.1/../../../../arm-atollic-eabi/lib/armv7e-m/softfp\libc_nano.a
LOAD c:/program files (x86)/atollic/truestudio for stm32 9.0.1/armtools/bin/../lib/gcc/arm-atollic-eabi/6.3.1/../../../../arm-atollic-eabi/lib/armv7e-m/softfp\libm.a
END GROUP
START GROUP
LOAD c:/program files (x86)/atollic/truestudio for stm32 9.0.1/armtools/bin/../lib/gcc/arm-atollic-eabi/6.3.1/armv7e-m/softfp\libgcc.a
LOAD c:/program files (x86)/atollic/truestudio for stm32 9.0.1/armtools/bin/../lib/gcc/arm-atollic-eabi/6.3.1/../../../../arm-atollic-eabi/lib/armv7e-m/softfp\libc_nano.a
END GROUP
START GROUP
LOAD c:/program files (x86)/atollic/truestudio for stm32 9.0.1/armtools/bin/../lib/gcc/arm-atollic-eabi/6.3.1/armv7e-m/softfp\libgcc.a
LOAD c:/program files (x86)/atollic/truestudio for stm32 9.0.1/armtools/bin/../lib/gcc/arm-atollic-eabi/6.3.1/../../../../arm-atollic-eabi/lib/armv7e-m/softfp\libc_nano.a
LOAD c:/program files (x86)/atollic/truestudio for stm32 9.0.1/armtools/bin/../lib/gcc/arm-atollic-eabi/6.3.1/../../../../arm-atollic-eabi/lib/armv7e-m/softfp\libnosys.a
END GROUP
START GROUP
LOAD c:/program files (x86)/atollic/truestudio for stm32 9.0.1/armtools/bin/../lib/gcc/arm-atollic-eabi/6.3.1/armv7e-m/softfp\libgcc.a
LOAD c:/program files (x86)/atollic/truestudio for stm32 9.0.1/armtools/bin/../lib/gcc/arm-atollic-eabi/6.3.1/../../../../arm-atollic-eabi/lib/armv7e-m/softfp\libc_nano.a
LOAD c:/program files (x86)/atollic/truestudio for stm32 9.0.1/armtools/bin/../lib/gcc/arm-atollic-eabi/6.3.1/../../../../arm-atollic-eabi/lib/armv7e-m/softfp\libnosys.a
END GROUP
LOAD c:/program files (x86)/atollic/truestudio for stm32 9.0.1/armtools/bin/../lib/gcc/arm-atollic-eabi/6.3.1/armv7e-m/softfp/crtend.o
LOAD c:/program files (x86)/atollic/truestudio for stm32 9.0.1/armtools/bin/../lib/gcc/arm-atollic-eabi/6.3.1/armv7e-m/softfp/crtn.o
                0x20030000                _estack = 0x20030000
                0x00000000                _Min_Heap_Size = 0x0
                0x00000400                _Min_Stack_Size = 0x400

.isr_vector     0x08000000      0x1ac
                0x08000000                . = ALIGN (0x4)
 *(.isr_vector)
 .isr_vector    0x08000000      0x1ac TrueSTUDIO\startup_stm32f429_439xx.o
                0x08000000                g_pfnVectors
                0x080001ac                . = ALIGN (0x4)

.text           0x080001ac     0x1cb4
                0x080001ac                . = ALIGN (0x4)
 *(.text)
 .text          0x080001ac       0x40 c:/program files (x86)/atollic/truestudio for stm32 9.0.1/armtools/bin/../lib/gcc/arm-atollic-eabi/6.3.1/armv7e-m/softfp/crtbegin.o
 *(.text*)
 .text.L3GD20_SendByte
                0x080001ec       0x60 STM32F429I-Discovery\stm32f429i_discovery_l3gd20.o
 .text.L3GD20_Write
                0x0800024c       0x40 STM32F429I-Discovery\stm32f429i_discovery_l3gd20.o
                0x0800024c                L3GD20_Write
 .text.L3GD20_Init
                0x0800028c      0x184 STM32F429I-Discovery\stm32f429i_discovery_l3gd20.o
                0x0800028c                L3GD20_Init
 .text.L3GD20_Read
                0x08000410       0x44 STM32F429I-Discovery\stm32f429i_discovery_l3gd20.o
                0x08000410                L3GD20_Read
 .text.L3GD20_FilterConfig
                0x08000454       0x34 STM32F429I-Discovery\stm32f429i_discovery_l3gd20.o
                0x08000454                L3GD20_FilterConfig
 .text.L3GD20_FilterCmd
                0x08000488       0x2e STM32F429I-Discovery\stm32f429i_discovery_l3gd20.o
                0x08000488                L3GD20_FilterCmd
 *fill*         0x080004b6        0x2 
 .text.LCD_ChipSelect.part.0
                0x080004b8        0xc STM32F429I-Discovery\stm32f429i_discovery_lcd.o
 .text.delay.constprop.2
                0x080004c4       0x18 STM32F429I-Discovery\stm32f429i_discovery_lcd.o
 .text.LCD_LayerInit
                0x080004dc       0xac STM32F429I-Discovery\stm32f429i_discovery_lcd.o
                0x080004dc                LCD_LayerInit
 .text.LCD_ChipSelect
                0x08000588       0x14 STM32F429I-Discovery\stm32f429i_discovery_lcd.o
                0x08000588                LCD_ChipSelect
 .text.LCD_SetLayer
                0x0800059c       0x28 STM32F429I-Discovery\stm32f429i_discovery_lcd.o
                0x0800059c                LCD_SetLayer
 .text.LCD_SetTextColor
                0x080005c4        0xc STM32F429I-Discovery\stm32f429i_discovery_lcd.o
                0x080005c4                LCD_SetTextColor
 .text.LCD_Clear
                0x080005d0       0x18 STM32F429I-Discovery\stm32f429i_discovery_lcd.o
                0x080005d0                LCD_Clear
 .text.LCD_DrawLine
                0x080005e8       0x74 STM32F429I-Discovery\stm32f429i_discovery_lcd.o
                0x080005e8                LCD_DrawLine
 .text.LCD_DrawFullRect
                0x0800065c       0x68 STM32F429I-Discovery\stm32f429i_discovery_lcd.o
                0x0800065c                LCD_DrawFullRect
 .text.LCD_DrawUniLine
                0x080006c4       0xc8 STM32F429I-Discovery\stm32f429i_discovery_lcd.o
                0x080006c4                LCD_DrawUniLine
 .text.LCD_FillTriangle
                0x0800078c       0xcc STM32F429I-Discovery\stm32f429i_discovery_lcd.o
                0x0800078c                LCD_FillTriangle
 .text.LCD_WriteCommand
                0x08000858       0x4c STM32F429I-Discovery\stm32f429i_discovery_lcd.o
                0x08000858                LCD_WriteCommand
 .text.LCD_WriteData
                0x080008a4       0x4c STM32F429I-Discovery\stm32f429i_discovery_lcd.o
                0x080008a4                LCD_WriteData
 .text.LCD_PowerOn
                0x080008f0      0x28a STM32F429I-Discovery\stm32f429i_discovery_lcd.o
                0x080008f0                LCD_PowerOn
 *fill*         0x08000b7a        0x2 
 .text.LCD_CtrlLinesConfig
                0x08000b7c       0x54 STM32F429I-Discovery\stm32f429i_discovery_lcd.o
                0x08000b7c                LCD_CtrlLinesConfig
 .text.LCD_SPIConfig
                0x08000bd0       0xcc STM32F429I-Discovery\stm32f429i_discovery_lcd.o
                0x08000bd0                LCD_SPIConfig
 .text.LCD_Init
                0x08000c9c      0x1f8 STM32F429I-Discovery\stm32f429i_discovery_lcd.o
                0x08000c9c                LCD_Init
 .text.SDRAM_GPIOConfig
                0x08000e94      0x214 STM32F429I-Discovery\stm32f429i_discovery_sdram.o
                0x08000e94                SDRAM_GPIOConfig
 .text.SDRAM_InitSequence
                0x080010a8       0xcc STM32F429I-Discovery\stm32f429i_discovery_sdram.o
                0x080010a8                SDRAM_InitSequence
 .text.SDRAM_Init
                0x08001174       0x60 STM32F429I-Discovery\stm32f429i_discovery_sdram.o
                0x08001174                SDRAM_Init
 .text.DMA2D_DeInit
                0x080011d4       0x1a STM32F4xx_StdPeriph_Driver\stm32f4xx_dma2d.o
                0x080011d4                DMA2D_DeInit
 *fill*         0x080011ee        0x2 
 .text.DMA2D_Init
                0x080011f0       0xa8 STM32F4xx_StdPeriph_Driver\stm32f4xx_dma2d.o
                0x080011f0                DMA2D_Init
 .text.DMA2D_StartTransfer
                0x08001298       0x10 STM32F4xx_StdPeriph_Driver\stm32f4xx_dma2d.o
                0x08001298                DMA2D_StartTransfer
 .text.DMA2D_GetFlagStatus
                0x080012a8       0x14 STM32F4xx_StdPeriph_Driver\stm32f4xx_dma2d.o
                0x080012a8                DMA2D_GetFlagStatus
 .text.FMC_SDRAMInit
                0x080012bc       0xa8 STM32F4xx_StdPeriph_Driver\stm32f4xx_fmc.o
                0x080012bc                FMC_SDRAMInit
 .text.FMC_SDRAMCmdConfig
                0x08001364       0x20 STM32F4xx_StdPeriph_Driver\stm32f4xx_fmc.o
                0x08001364                FMC_SDRAMCmdConfig
 .text.FMC_SetRefreshCount
                0x08001384       0x10 STM32F4xx_StdPeriph_Driver\stm32f4xx_fmc.o
                0x08001384                FMC_SetRefreshCount
 .text.FMC_GetFlagStatus
                0x08001394       0x40 STM32F4xx_StdPeriph_Driver\stm32f4xx_fmc.o
                0x08001394                FMC_GetFlagStatus
 .text.GPIO_Init
                0x080013d4       0x9c STM32F4xx_StdPeriph_Driver\stm32f4xx_gpio.o
                0x080013d4                GPIO_Init
 .text.GPIO_SetBits
                0x08001470        0x4 STM32F4xx_StdPeriph_Driver\stm32f4xx_gpio.o
                0x08001470                GPIO_SetBits
 .text.GPIO_ResetBits
                0x08001474        0x4 STM32F4xx_StdPeriph_Driver\stm32f4xx_gpio.o
                0x08001474                GPIO_ResetBits
 .text.GPIO_WriteBit
                0x08001478        0xa STM32F4xx_StdPeriph_Driver\stm32f4xx_gpio.o
                0x08001478                GPIO_WriteBit
 .text.GPIO_PinAFConfig
                0x08001482       0x24 STM32F4xx_StdPeriph_Driver\stm32f4xx_gpio.o
                0x08001482                GPIO_PinAFConfig
 *fill*         0x080014a6        0x2 
 .text.LTDC_Init
                0x080014a8       0x9c STM32F4xx_StdPeriph_Driver\stm32f4xx_ltdc.o
                0x080014a8                LTDC_Init
 .text.LTDC_Cmd
                0x08001544       0x18 STM32F4xx_StdPeriph_Driver\stm32f4xx_ltdc.o
                0x08001544                LTDC_Cmd
 .text.LTDC_DitherCmd
                0x0800155c       0x18 STM32F4xx_StdPeriph_Driver\stm32f4xx_ltdc.o
                0x0800155c                LTDC_DitherCmd
 .text.LTDC_ReloadConfig
                0x08001574        0xc STM32F4xx_StdPeriph_Driver\stm32f4xx_ltdc.o
                0x08001574                LTDC_ReloadConfig
 .text.LTDC_LayerInit
                0x08001580       0x9a STM32F4xx_StdPeriph_Driver\stm32f4xx_ltdc.o
                0x08001580                LTDC_LayerInit
 .text.LTDC_LayerCmd
                0x0800161a       0x12 STM32F4xx_StdPeriph_Driver\stm32f4xx_ltdc.o
                0x0800161a                LTDC_LayerCmd
 .text.RCC_PLLSAIConfig
                0x0800162c       0x18 STM32F4xx_StdPeriph_Driver\stm32f4xx_rcc.o
                0x0800162c                RCC_PLLSAIConfig
 .text.RCC_PLLSAICmd
                0x08001644        0xc STM32F4xx_StdPeriph_Driver\stm32f4xx_rcc.o
                0x08001644                RCC_PLLSAICmd
 .text.RCC_GetClocksFreq
                0x08001650       0x88 STM32F4xx_StdPeriph_Driver\stm32f4xx_rcc.o
                0x08001650                RCC_GetClocksFreq
 .text.RCC_LTDCCLKDivConfig
                0x080016d8       0x18 STM32F4xx_StdPeriph_Driver\stm32f4xx_rcc.o
                0x080016d8                RCC_LTDCCLKDivConfig
 .text.RCC_AHB1PeriphClockCmd
                0x080016f0       0x18 STM32F4xx_StdPeriph_Driver\stm32f4xx_rcc.o
                0x080016f0                RCC_AHB1PeriphClockCmd
 .text.RCC_AHB3PeriphClockCmd
                0x08001708       0x18 STM32F4xx_StdPeriph_Driver\stm32f4xx_rcc.o
                0x08001708                RCC_AHB3PeriphClockCmd
 .text.RCC_APB2PeriphClockCmd
                0x08001720       0x18 STM32F4xx_StdPeriph_Driver\stm32f4xx_rcc.o
                0x08001720                RCC_APB2PeriphClockCmd
 .text.RCC_AHB1PeriphResetCmd
                0x08001738       0x18 STM32F4xx_StdPeriph_Driver\stm32f4xx_rcc.o
                0x08001738                RCC_AHB1PeriphResetCmd
 .text.RCC_APB1PeriphResetCmd
                0x08001750       0x18 STM32F4xx_StdPeriph_Driver\stm32f4xx_rcc.o
                0x08001750                RCC_APB1PeriphResetCmd
 .text.RCC_APB2PeriphResetCmd
                0x08001768       0x18 STM32F4xx_StdPeriph_Driver\stm32f4xx_rcc.o
                0x08001768                RCC_APB2PeriphResetCmd
 .text.RCC_GetFlagStatus
                0x08001780       0x28 STM32F4xx_StdPeriph_Driver\stm32f4xx_rcc.o
                0x08001780                RCC_GetFlagStatus
 .text.SPI_I2S_DeInit
                0x080017a8       0xb8 STM32F4xx_StdPeriph_Driver\stm32f4xx_spi.o
                0x080017a8                SPI_I2S_DeInit
 .text.SPI_Init
                0x08001860       0x3e STM32F4xx_StdPeriph_Driver\stm32f4xx_spi.o
                0x08001860                SPI_Init
 .text.SPI_Cmd  0x0800189e       0x18 STM32F4xx_StdPeriph_Driver\stm32f4xx_spi.o
                0x0800189e                SPI_Cmd
 .text.SPI_I2S_ReceiveData
                0x080018b6        0x6 STM32F4xx_StdPeriph_Driver\stm32f4xx_spi.o
                0x080018b6                SPI_I2S_ReceiveData
 .text.SPI_I2S_SendData
                0x080018bc        0x4 STM32F4xx_StdPeriph_Driver\stm32f4xx_spi.o
                0x080018bc                SPI_I2S_SendData
 .text.SPI_I2S_GetFlagStatus
                0x080018c0        0xc STM32F4xx_StdPeriph_Driver\stm32f4xx_spi.o
                0x080018c0                SPI_I2S_GetFlagStatus
 .text.Reset_Handler
                0x080018cc       0x48 TrueSTUDIO\startup_stm32f429_439xx.o
                0x080018cc                Reset_Handler
 .text.Default_Handler
                0x08001914        0x2 TrueSTUDIO\startup_stm32f429_439xx.o
                0x08001914                RTC_Alarm_IRQHandler
                0x08001914                HASH_RNG_IRQHandler
                0x08001914                EXTI2_IRQHandler
                0x08001914                TIM8_CC_IRQHandler
                0x08001914                UART8_IRQHandler
                0x08001914                SPI4_IRQHandler
                0x08001914                TIM1_CC_IRQHandler
                0x08001914                DMA2_Stream5_IRQHandler
                0x08001914                DMA1_Stream5_IRQHandler
                0x08001914                PVD_IRQHandler
                0x08001914                SDIO_IRQHandler
                0x08001914                TAMP_STAMP_IRQHandler
                0x08001914                CAN2_RX1_IRQHandler
                0x08001914                EXTI3_IRQHandler
                0x08001914                TIM8_TRG_COM_TIM14_IRQHandler
                0x08001914                TIM1_UP_TIM10_IRQHandler
                0x08001914                TIM8_UP_TIM13_IRQHandler
                0x08001914                I2C3_ER_IRQHandler
                0x08001914                EXTI0_IRQHandler
                0x08001914                I2C2_EV_IRQHandler
                0x08001914                DMA1_Stream2_IRQHandler
                0x08001914                CAN1_RX0_IRQHandler
                0x08001914                FPU_IRQHandler
                0x08001914                OTG_HS_WKUP_IRQHandler
                0x08001914                LTDC_ER_IRQHandler
                0x08001914                CAN2_SCE_IRQHandler
                0x08001914                DMA2_Stream2_IRQHandler
                0x08001914                SPI1_IRQHandler
                0x08001914                TIM6_DAC_IRQHandler
                0x08001914                TIM1_BRK_TIM9_IRQHandler
                0x08001914                DCMI_IRQHandler
                0x08001914                CAN2_RX0_IRQHandler
                0x08001914                DMA2_Stream3_IRQHandler
                0x08001914                USART6_IRQHandler
                0x08001914                USART3_IRQHandler
                0x08001914                CRYP_IRQHandler
                0x08001914                CAN1_RX1_IRQHandler
                0x08001914                UART5_IRQHandler
                0x08001914                DMA2_Stream0_IRQHandler
                0x08001914                TIM4_IRQHandler
                0x08001914                I2C1_EV_IRQHandler
                0x08001914                DMA1_Stream6_IRQHandler
                0x08001914                DMA1_Stream1_IRQHandler
                0x08001914                UART4_IRQHandler
                0x08001914                TIM3_IRQHandler
                0x08001914                RCC_IRQHandler
                0x08001914                TIM8_BRK_TIM12_IRQHandler
                0x08001914                Default_Handler
                0x08001914                EXTI15_10_IRQHandler
                0x08001914                ADC_IRQHandler
                0x08001914                DMA1_Stream7_IRQHandler
                0x08001914                SPI5_IRQHandler
                0x08001914                TIM7_IRQHandler
                0x08001914                CAN2_TX_IRQHandler
                0x08001914                TIM5_IRQHandler
                0x08001914                DMA2_Stream7_IRQHandler
                0x08001914                I2C3_EV_IRQHandler
                0x08001914                EXTI9_5_IRQHandler
                0x08001914                RTC_WKUP_IRQHandler
                0x08001914                LTDC_IRQHandler
                0x08001914                ETH_WKUP_IRQHandler
                0x08001914                SPI2_IRQHandler
                0x08001914                OTG_HS_EP1_IN_IRQHandler
                0x08001914                DMA1_Stream0_IRQHandler
                0x08001914                CAN1_TX_IRQHandler
                0x08001914                EXTI4_IRQHandler
                0x08001914                FSMC_IRQHandler
                0x08001914                ETH_IRQHandler
                0x08001914                OTG_HS_EP1_OUT_IRQHandler
                0x08001914                WWDG_IRQHandler
                0x08001914                SPI6_IRQHandler
                0x08001914                TIM2_IRQHandler
                0x08001914                OTG_FS_WKUP_IRQHandler
                0x08001914                TIM1_TRG_COM_TIM11_IRQHandler
                0x08001914                OTG_HS_IRQHandler
                0x08001914                DMA2D_IRQHandler
                0x08001914                EXTI1_IRQHandler
                0x08001914                UART7_IRQHandler
                0x08001914                USART2_IRQHandler
                0x08001914                I2C2_ER_IRQHandler
                0x08001914                DMA2_Stream1_IRQHandler
                0x08001914                CAN1_SCE_IRQHandler
                0x08001914                FLASH_IRQHandler
                0x08001914                DMA2_Stream4_IRQHandler
                0x08001914                USART1_IRQHandler
                0x08001914                OTG_FS_IRQHandler
                0x08001914                SPI3_IRQHandler
                0x08001914                DMA1_Stream4_IRQHandler
                0x08001914                I2C1_ER_IRQHandler
                0x08001914                DMA2_Stream6_IRQHandler
                0x08001914                SAI1_IRQHandler
                0x08001914                DMA1_Stream3_IRQHandler
 *fill*         0x08001916        0x2 
 .text.Demo_GyroReadAngRate
                0x08001918       0xd8 User\main.o
 .text.startup.main
                0x080019f0      0x2cc User\main.o
                0x080019f0                main
 .text.L3GD20_TIMEOUT_UserCallback
                0x08001cbc        0x4 User\main.o
                0x08001cbc                L3GD20_TIMEOUT_UserCallback
 .text.TimingDelay_Decrement
                0x08001cc0       0x14 User\main.o
                0x08001cc0                TimingDelay_Decrement
 .text.NMI_Handler
                0x08001cd4        0x2 User\stm32f4xx_it.o
                0x08001cd4                NMI_Handler
 .text.HardFault_Handler
                0x08001cd6        0x2 User\stm32f4xx_it.o
                0x08001cd6                HardFault_Handler
 .text.MemManage_Handler
                0x08001cd8        0x2 User\stm32f4xx_it.o
                0x08001cd8                MemManage_Handler
 .text.BusFault_Handler
                0x08001cda        0x2 User\stm32f4xx_it.o
                0x08001cda                BusFault_Handler
 .text.UsageFault_Handler
                0x08001cdc        0x2 User\stm32f4xx_it.o
                0x08001cdc                UsageFault_Handler
 .text.SVC_Handler
                0x08001cde        0x2 User\stm32f4xx_it.o
                0x08001cde                SVC_Handler
 .text.DebugMon_Handler
                0x08001ce0        0x2 User\stm32f4xx_it.o
                0x08001ce0                DebugMon_Handler
 .text.PendSV_Handler
                0x08001ce2        0x2 User\stm32f4xx_it.o
                0x08001ce2                PendSV_Handler
 .text.SysTick_Handler
                0x08001ce4        0x4 User\stm32f4xx_it.o
                0x08001ce4                SysTick_Handler
 .text.SystemInit
                0x08001ce8      0x118 User\system_stm32f4xx.o
                0x08001ce8                SystemInit
 .text.__libc_init_array
                0x08001e00       0x48 c:/program files (x86)/atollic/truestudio for stm32 9.0.1/armtools/bin/../lib/gcc/arm-atollic-eabi/6.3.1/../../../../arm-atollic-eabi/lib/armv7e-m/softfp\libc_nano.a(lib_a-init.o)
                0x08001e00                __libc_init_array
 *(.glue_7)
 .glue_7        0x08001e48        0x0 linker stubs
 *(.glue_7t)
 .glue_7t       0x08001e48        0x0 linker stubs
 *(.eh_frame)
 .eh_frame      0x08001e48        0x0 c:/program files (x86)/atollic/truestudio for stm32 9.0.1/armtools/bin/../lib/gcc/arm-atollic-eabi/6.3.1/armv7e-m/softfp/crtbegin.o
 *(.init)
 .init          0x08001e48        0x4 c:/program files (x86)/atollic/truestudio for stm32 9.0.1/armtools/bin/../lib/gcc/arm-atollic-eabi/6.3.1/armv7e-m/softfp/crti.o
                0x08001e48                _init
 .init          0x08001e4c        0x8 c:/program files (x86)/atollic/truestudio for stm32 9.0.1/armtools/bin/../lib/gcc/arm-atollic-eabi/6.3.1/armv7e-m/softfp/crtn.o
 *(.fini)
 .fini          0x08001e54        0x4 c:/program files (x86)/atollic/truestudio for stm32 9.0.1/armtools/bin/../lib/gcc/arm-atollic-eabi/6.3.1/armv7e-m/softfp/crti.o
                0x08001e54                _fini
 .fini          0x08001e58        0x8 c:/program files (x86)/atollic/truestudio for stm32 9.0.1/armtools/bin/../lib/gcc/arm-atollic-eabi/6.3.1/armv7e-m/softfp/crtn.o
                0x08001e60                . = ALIGN (0x4)
                0x08001e60                _etext = .

.vfp11_veneer   0x08001e60        0x0
 .vfp11_veneer  0x08001e60        0x0 linker stubs

.v4_bx          0x08001e60        0x0
 .v4_bx         0x08001e60        0x0 linker stubs

.iplt           0x08001e60        0x0
 .iplt          0x08001e60        0x0 c:/program files (x86)/atollic/truestudio for stm32 9.0.1/armtools/bin/../lib/gcc/arm-atollic-eabi/6.3.1/armv7e-m/softfp/crtbegin.o

.rodata         0x08001e60     0x11d0
                0x08001e60                . = ALIGN (0x4)
 *(.rodata)
 *(.rodata*)
 .rodata.ASCII16x24_Table
                0x08001e60     0x11d0 STM32F429I-Discovery\stm32f429i_discovery_lcd.o
                0x08001e60                ASCII16x24_Table
                0x08003030                . = ALIGN (0x4)

.rel.dyn        0x08003030        0x0
 .rel.iplt      0x08003030        0x0 c:/program files (x86)/atollic/truestudio for stm32 9.0.1/armtools/bin/../lib/gcc/arm-atollic-eabi/6.3.1/armv7e-m/softfp/crtbegin.o

.ARM.extab
 *(.ARM.extab* .gnu.linkonce.armextab.*)

.ARM            0x08003030        0x0
                0x08003030                __exidx_start = .
 *(.ARM.exidx*)
                0x08003030                __exidx_end = .

.preinit_array  0x08003030        0x0
                0x08003030                PROVIDE (__preinit_array_start, .)
 *(.preinit_array*)
                0x08003030                PROVIDE (__preinit_array_end, .)

.init_array     0x08003030        0x4
                0x08003030                PROVIDE (__init_array_start, .)
 *(SORT(.init_array.*))
 *(.init_array*)
 .init_array    0x08003030        0x4 c:/program files (x86)/atollic/truestudio for stm32 9.0.1/armtools/bin/../lib/gcc/arm-atollic-eabi/6.3.1/armv7e-m/softfp/crtbegin.o
                0x08003034                PROVIDE (__init_array_end, .)

.fini_array     0x08003034        0x4
                [!provide]                PROVIDE (__fini_array_start, .)
 *(SORT(.fini_array.*))
 *(.fini_array*)
 .fini_array    0x08003034        0x4 c:/program files (x86)/atollic/truestudio for stm32 9.0.1/armtools/bin/../lib/gcc/arm-atollic-eabi/6.3.1/armv7e-m/softfp/crtbegin.o
                [!provide]                PROVIDE (__fini_array_end, .)
                0x08003038                _sidata = LOADADDR (.data)

.data           0x20000000       0x20 load address 0x08003038
                0x20000000                . = ALIGN (0x4)
                0x20000000                _sdata = .
 *(.data)
 *(.data*)
 .data.L3GD20Timeout
                0x20000000        0x4 STM32F429I-Discovery\stm32f429i_discovery_l3gd20.o
                0x20000000                L3GD20Timeout
 .data.CurrentFrameBuffer
                0x20000004        0x4 STM32F429I-Discovery\stm32f429i_discovery_lcd.o
 .data.Font16x24
                0x20000008        0x8 STM32F429I-Discovery\stm32f429i_discovery_lcd.o
                0x20000008                Font16x24
 .data.APBAHBPrescTable
                0x20000010       0x10 STM32F4xx_StdPeriph_Driver\stm32f4xx_rcc.o
                0x20000020                . = ALIGN (0x4)
                0x20000020                _edata = .
                0x08003058                _siccmram = LOADADDR (.ccmram)

.igot.plt       0x20000020        0x0 load address 0x08003058
 .igot.plt      0x20000020        0x0 c:/program files (x86)/atollic/truestudio for stm32 9.0.1/armtools/bin/../lib/gcc/arm-atollic-eabi/6.3.1/armv7e-m/softfp/crtbegin.o

.ccmram         0x10000000        0x0 load address 0x08003058
                0x10000000                . = ALIGN (0x4)
                0x10000000                _sccmram = .
 *(.ccmram)
 *(.ccmram*)
                0x10000000                . = ALIGN (0x4)
                0x10000000                _eccmram = .
                0x10000000                . = ALIGN (0x4)

.bss            0x20000020       0x74
                0x20000020                _sbss = .
                0x20000020                __bss_start__ = _sbss
 *(.bss)
 .bss           0x20000020       0x1c c:/program files (x86)/atollic/truestudio for stm32 9.0.1/armtools/bin/../lib/gcc/arm-atollic-eabi/6.3.1/armv7e-m/softfp/crtbegin.o
 *(.bss*)
 .bss.CurrentLayer
                0x2000003c        0x4 STM32F429I-Discovery\stm32f429i_discovery_lcd.o
 .bss.CurrentTextColor
                0x20000040        0x2 STM32F429I-Discovery\stm32f429i_discovery_lcd.o
 *fill*         0x20000042        0x2 
 .bss.LCD_Currentfonts
                0x20000044        0x4 STM32F429I-Discovery\stm32f429i_discovery_lcd.o
 .bss.TimingDelay
                0x20000048        0x4 User\main.o
 .bss.Yval      0x2000004c        0x1 User\main.o
                0x2000004c                Yval
 *fill*         0x2000004d        0x3 
 .bss.Z_BiasError
                0x20000050        0x4 User\main.o
                0x20000050                Z_BiasError
 *(COMMON)
 COMMON         0x20000054       0x40 User\main.o
                0x20000054                Xval
                0x20000058                X_BiasError
                0x2000005c                Buffer
                0x20000074                RCC_Clocks
                0x20000084                Gyro
                0x20000090                Y_BiasError
                0x20000094                . = ALIGN (0x4)
                0x20000094                _ebss = .
                0x20000094                __bss_end__ = _ebss

._user_heap_stack
                0x20000094      0x400
                0x20000094                . = ALIGN (0x4)
                [!provide]                PROVIDE (end, .)
                [!provide]                PROVIDE (_end, .)
                0x20000094                . = (. + _Min_Heap_Size)
                0x20000494                . = (. + _Min_Stack_Size)
 *fill*         0x20000094      0x400 
                0x20000494                . = ALIGN (0x4)

.memory_b1_text
 *(.mb1text)
 *(.mb1text*)
 *(.mb1rodata)
 *(.mb1rodata*)

/DISCARD/
 libc.a(*)
 libm.a(*)
 libgcc.a(*)

.ARM.attributes
                0x00000000       0x2e
 *(.ARM.attributes)
 .ARM.attributes
                0x00000000       0x22 c:/program files (x86)/atollic/truestudio for stm32 9.0.1/armtools/bin/../lib/gcc/arm-atollic-eabi/6.3.1/armv7e-m/softfp/crti.o
 .ARM.attributes
                0x00000022       0x32 c:/program files (x86)/atollic/truestudio for stm32 9.0.1/armtools/bin/../lib/gcc/arm-atollic-eabi/6.3.1/armv7e-m/softfp/crtbegin.o
 .ARM.attributes
                0x00000054       0x37 STM32F429I-Discovery\stm32f429i_discovery_l3gd20.o
 .ARM.attributes
                0x0000008b       0x37 STM32F429I-Discovery\stm32f429i_discovery_lcd.o
 .ARM.attributes
                0x000000c2       0x37 STM32F429I-Discovery\stm32f429i_discovery_sdram.o
 .ARM.attributes
                0x000000f9       0x37 STM32F4xx_StdPeriph_Driver\stm32f4xx_dma2d.o
 .ARM.attributes
                0x00000130       0x37 STM32F4xx_StdPeriph_Driver\stm32f4xx_fmc.o
 .ARM.attributes
                0x00000167       0x37 STM32F4xx_StdPeriph_Driver\stm32f4xx_gpio.o
 .ARM.attributes
                0x0000019e       0x37 STM32F4xx_StdPeriph_Driver\stm32f4xx_ltdc.o
 .ARM.attributes
                0x000001d5       0x37 STM32F4xx_StdPeriph_Driver\stm32f4xx_rcc.o
 .ARM.attributes
                0x0000020c       0x37 STM32F4xx_StdPeriph_Driver\stm32f4xx_spi.o
 .ARM.attributes
                0x00000243       0x21 TrueSTUDIO\startup_stm32f429_439xx.o
 .ARM.attributes
                0x00000264       0x37 User\main.o
 .ARM.attributes
                0x0000029b       0x37 User\stm32f4xx_it.o
 .ARM.attributes
                0x000002d2       0x37 User\system_stm32f4xx.o
 .ARM.attributes
                0x00000309       0x32 c:/program files (x86)/atollic/truestudio for stm32 9.0.1/armtools/bin/../lib/gcc/arm-atollic-eabi/6.3.1/../../../../arm-atollic-eabi/lib/armv7e-m/softfp\libc_nano.a(lib_a-init.o)
 .ARM.attributes
                0x0000033b       0x22 c:/program files (x86)/atollic/truestudio for stm32 9.0.1/armtools/bin/../lib/gcc/arm-atollic-eabi/6.3.1/armv7e-m/softfp/crtn.o
OUTPUT(MEMS_Example.elf elf32-littlearm)

.debug_info     0x00000000     0xadd7
 .debug_info    0x00000000      0xd7d STM32F429I-Discovery\stm32f429i_discovery_l3gd20.o
 .debug_info    0x00000d7d     0x37da STM32F429I-Discovery\stm32f429i_discovery_lcd.o
 .debug_info    0x00004557      0xced STM32F429I-Discovery\stm32f429i_discovery_sdram.o
 .debug_info    0x00005244      0x878 STM32F4xx_StdPeriph_Driver\stm32f4xx_dma2d.o
 .debug_info    0x00005abc      0xca8 STM32F4xx_StdPeriph_Driver\stm32f4xx_fmc.o
 .debug_info    0x00006764      0x74d STM32F4xx_StdPeriph_Driver\stm32f4xx_gpio.o
 .debug_info    0x00006eb1      0xd67 STM32F4xx_StdPeriph_Driver\stm32f4xx_ltdc.o
 .debug_info    0x00007c18      0xe71 STM32F4xx_StdPeriph_Driver\stm32f4xx_rcc.o
 .debug_info    0x00008a89      0xbfb STM32F4xx_StdPeriph_Driver\stm32f4xx_spi.o
 .debug_info    0x00009684      0x125 TrueSTUDIO\startup_stm32f429_439xx.o
 .debug_info    0x000097a9      0xe38 User\main.o
 .debug_info    0x0000a5e1      0x1de User\stm32f4xx_it.o
 .debug_info    0x0000a7bf      0x618 User\system_stm32f4xx.o

.debug_abbrev   0x00000000     0x19d2
 .debug_abbrev  0x00000000      0x276 STM32F429I-Discovery\stm32f429i_discovery_l3gd20.o
 .debug_abbrev  0x00000276      0x3ca STM32F429I-Discovery\stm32f429i_discovery_lcd.o
 .debug_abbrev  0x00000640      0x204 STM32F429I-Discovery\stm32f429i_discovery_sdram.o
 .debug_abbrev  0x00000844      0x1ea STM32F4xx_StdPeriph_Driver\stm32f4xx_dma2d.o
 .debug_abbrev  0x00000a2e      0x1ca STM32F4xx_StdPeriph_Driver\stm32f4xx_fmc.o
 .debug_abbrev  0x00000bf8      0x201 STM32F4xx_StdPeriph_Driver\stm32f4xx_gpio.o
 .debug_abbrev  0x00000df9      0x22d STM32F4xx_StdPeriph_Driver\stm32f4xx_ltdc.o
 .debug_abbrev  0x00001026      0x1f5 STM32F4xx_StdPeriph_Driver\stm32f4xx_rcc.o
 .debug_abbrev  0x0000121b      0x1ce STM32F4xx_StdPeriph_Driver\stm32f4xx_spi.o
 .debug_abbrev  0x000013e9       0x12 TrueSTUDIO\startup_stm32f429_439xx.o
 .debug_abbrev  0x000013fb      0x349 User\main.o
 .debug_abbrev  0x00001744      0x10f User\stm32f4xx_it.o
 .debug_abbrev  0x00001853      0x17f User\system_stm32f4xx.o

.debug_loc      0x00000000     0x5171
 .debug_loc     0x00000000      0x244 STM32F429I-Discovery\stm32f429i_discovery_l3gd20.o
 .debug_loc     0x00000244     0x22fc STM32F429I-Discovery\stm32f429i_discovery_lcd.o
 .debug_loc     0x00002540      0x13a STM32F429I-Discovery\stm32f429i_discovery_sdram.o
 .debug_loc     0x0000267a      0x47d STM32F4xx_StdPeriph_Driver\stm32f4xx_dma2d.o
 .debug_loc     0x00002af7      0x6ff STM32F4xx_StdPeriph_Driver\stm32f4xx_fmc.o
 .debug_loc     0x000031f6      0x33e STM32F4xx_StdPeriph_Driver\stm32f4xx_gpio.o
 .debug_loc     0x00003534      0x794 STM32F4xx_StdPeriph_Driver\stm32f4xx_ltdc.o
 .debug_loc     0x00003cc8      0xb60 STM32F4xx_StdPeriph_Driver\stm32f4xx_rcc.o
 .debug_loc     0x00004828      0x674 STM32F4xx_StdPeriph_Driver\stm32f4xx_spi.o
 .debug_loc     0x00004e9c      0x1ca User\main.o
 .debug_loc     0x00005066      0x10b User\system_stm32f4xx.o

.debug_aranges  0x00000000      0x8f0
 .debug_aranges
                0x00000000       0x70 STM32F429I-Discovery\stm32f429i_discovery_l3gd20.o
 .debug_aranges
                0x00000070      0x1a8 STM32F429I-Discovery\stm32f429i_discovery_lcd.o
 .debug_aranges
                0x00000218       0x40 STM32F429I-Discovery\stm32f429i_discovery_sdram.o
 .debug_aranges
                0x00000258       0xb0 STM32F4xx_StdPeriph_Driver\stm32f4xx_dma2d.o
 .debug_aranges
                0x00000308       0xf0 STM32F4xx_StdPeriph_Driver\stm32f4xx_fmc.o
 .debug_aranges
                0x000003f8       0x88 STM32F4xx_StdPeriph_Driver\stm32f4xx_gpio.o
 .debug_aranges
                0x00000480      0x100 STM32F4xx_StdPeriph_Driver\stm32f4xx_ltdc.o
 .debug_aranges
                0x00000580      0x1b8 STM32F4xx_StdPeriph_Driver\stm32f4xx_rcc.o
 .debug_aranges
                0x00000738       0xe0 STM32F4xx_StdPeriph_Driver\stm32f4xx_spi.o
 .debug_aranges
                0x00000818       0x28 TrueSTUDIO\startup_stm32f429_439xx.o
 .debug_aranges
                0x00000840       0x40 User\main.o
 .debug_aranges
                0x00000880       0x48 User\stm32f4xx_it.o
 .debug_aranges
                0x000008c8       0x28 User\system_stm32f4xx.o

.debug_ranges   0x00000000      0x908
 .debug_ranges  0x00000000       0x90 STM32F429I-Discovery\stm32f429i_discovery_l3gd20.o
 .debug_ranges  0x00000090      0x1e0 STM32F429I-Discovery\stm32f429i_discovery_lcd.o
 .debug_ranges  0x00000270       0x48 STM32F429I-Discovery\stm32f429i_discovery_sdram.o
 .debug_ranges  0x000002b8       0xa0 STM32F4xx_StdPeriph_Driver\stm32f4xx_dma2d.o
 .debug_ranges  0x00000358       0xe0 STM32F4xx_StdPeriph_Driver\stm32f4xx_fmc.o
 .debug_ranges  0x00000438       0x78 STM32F4xx_StdPeriph_Driver\stm32f4xx_gpio.o
 .debug_ranges  0x000004b0       0xf0 STM32F4xx_StdPeriph_Driver\stm32f4xx_ltdc.o
 .debug_ranges  0x000005a0      0x1a8 STM32F4xx_StdPeriph_Driver\stm32f4xx_rcc.o
 .debug_ranges  0x00000748       0xd0 STM32F4xx_StdPeriph_Driver\stm32f4xx_spi.o
 .debug_ranges  0x00000818       0x20 TrueSTUDIO\startup_stm32f429_439xx.o
 .debug_ranges  0x00000838       0x80 User\main.o
 .debug_ranges  0x000008b8       0x38 User\stm32f4xx_it.o
 .debug_ranges  0x000008f0       0x18 User\system_stm32f4xx.o

.debug_line     0x00000000     0x3c4f
 .debug_line    0x00000000      0x43b STM32F429I-Discovery\stm32f429i_discovery_l3gd20.o
 .debug_line    0x0000043b      0xbd8 STM32F429I-Discovery\stm32f429i_discovery_lcd.o
 .debug_line    0x00001013      0x3d5 STM32F429I-Discovery\stm32f429i_discovery_sdram.o
 .debug_line    0x000013e8      0x445 STM32F4xx_StdPeriph_Driver\stm32f4xx_dma2d.o
 .debug_line    0x0000182d      0x5ee STM32F4xx_StdPeriph_Driver\stm32f4xx_fmc.o
 .debug_line    0x00001e1b      0x3ab STM32F4xx_StdPeriph_Driver\stm32f4xx_gpio.o
 .debug_line    0x000021c6      0x582 STM32F4xx_StdPeriph_Driver\stm32f4xx_ltdc.o
 .debug_line    0x00002748      0x678 STM32F4xx_StdPeriph_Driver\stm32f4xx_rcc.o
 .debug_line    0x00002dc0      0x4da STM32F4xx_StdPeriph_Driver\stm32f4xx_spi.o
 .debug_line    0x0000329a       0xc8 TrueSTUDIO\startup_stm32f429_439xx.o
 .debug_line    0x00003362      0x461 User\main.o
 .debug_line    0x000037c3      0x260 User\stm32f4xx_it.o
 .debug_line    0x00003a23      0x22c User\system_stm32f4xx.o

.debug_str      0x00000000     0x3a5c
 .debug_str     0x00000000      0x8a4 STM32F429I-Discovery\stm32f429i_discovery_l3gd20.o
                                0x908 (size before relaxing)
 .debug_str     0x000008a4      0xbce STM32F429I-Discovery\stm32f429i_discovery_lcd.o
                               0x120d (size before relaxing)
 .debug_str     0x00001472      0x384 STM32F429I-Discovery\stm32f429i_discovery_sdram.o
                                0x7da (size before relaxing)
 .debug_str     0x000017f6      0x4ac STM32F4xx_StdPeriph_Driver\stm32f4xx_dma2d.o
                                0x841 (size before relaxing)
 .debug_str     0x00001ca2      0x679 STM32F4xx_StdPeriph_Driver\stm32f4xx_fmc.o
                                0xb5f (size before relaxing)
 .debug_str     0x0000231b      0x127 STM32F4xx_StdPeriph_Driver\stm32f4xx_gpio.o
                                0x5ab (size before relaxing)
 .debug_str     0x00002442      0x405 STM32F4xx_StdPeriph_Driver\stm32f4xx_ltdc.o
                                0xb33 (size before relaxing)
 .debug_str     0x00002847      0x6cb STM32F4xx_StdPeriph_Driver\stm32f4xx_rcc.o
                                0xa91 (size before relaxing)
 .debug_str     0x00002f12      0x2b1 STM32F4xx_StdPeriph_Driver\stm32f4xx_spi.o
                                0x7bf (size before relaxing)
 .debug_str     0x000031c3      0x760 User\main.o
                                0xc69 (size before relaxing)
 .debug_str     0x00003923       0xa8 User\stm32f4xx_it.o
                                0x345 (size before relaxing)
 .debug_str     0x000039cb       0x91 User\system_stm32f4xx.o
                                0x47c (size before relaxing)

.comment        0x00000000       0x7c
 .comment       0x00000000       0x7c STM32F429I-Discovery\stm32f429i_discovery_l3gd20.o
                                 0x7d (size before relaxing)
 .comment       0x0000007c       0x7d STM32F429I-Discovery\stm32f429i_discovery_lcd.o
 .comment       0x0000007c       0x7d STM32F429I-Discovery\stm32f429i_discovery_sdram.o
 .comment       0x0000007c       0x7d STM32F4xx_StdPeriph_Driver\stm32f4xx_dma2d.o
 .comment       0x0000007c       0x7d STM32F4xx_StdPeriph_Driver\stm32f4xx_fmc.o
 .comment       0x0000007c       0x7d STM32F4xx_StdPeriph_Driver\stm32f4xx_gpio.o
 .comment       0x0000007c       0x7d STM32F4xx_StdPeriph_Driver\stm32f4xx_ltdc.o
 .comment       0x0000007c       0x7d STM32F4xx_StdPeriph_Driver\stm32f4xx_rcc.o
 .comment       0x0000007c       0x7d STM32F4xx_StdPeriph_Driver\stm32f4xx_spi.o
 .comment       0x0000007c       0x7d User\main.o
 .comment       0x0000007c       0x7d User\stm32f4xx_it.o
 .comment       0x0000007c       0x7d User\system_stm32f4xx.o

.debug_frame    0x00000000     0x15a4
 .debug_frame   0x00000000      0x164 STM32F429I-Discovery\stm32f429i_discovery_l3gd20.o
 .debug_frame   0x00000164      0x5e8 STM32F429I-Discovery\stm32f429i_discovery_lcd.o
 .debug_frame   0x0000074c       0xb4 STM32F429I-Discovery\stm32f429i_discovery_sdram.o
 .debug_frame   0x00000800      0x168 STM32F4xx_StdPeriph_Driver\stm32f4xx_dma2d.o
 .debug_frame   0x00000968      0x1f8 STM32F4xx_StdPeriph_Driver\stm32f4xx_fmc.o
 .debug_frame   0x00000b60      0x124 STM32F4xx_StdPeriph_Driver\stm32f4xx_gpio.o
 .debug_frame   0x00000c84      0x23c STM32F4xx_StdPeriph_Driver\stm32f4xx_ltdc.o
 .debug_frame   0x00000ec0      0x368 STM32F4xx_StdPeriph_Driver\stm32f4xx_rcc.o
 .debug_frame   0x00001228      0x1e4 STM32F4xx_StdPeriph_Driver\stm32f4xx_spi.o
 .debug_frame   0x0000140c       0x8c User\main.o
 .debug_frame   0x00001498       0xa0 User\stm32f4xx_it.o
 .debug_frame   0x00001538       0x40 User\system_stm32f4xx.o
 .debug_frame   0x00001578       0x2c c:/program files (x86)/atollic/truestudio for stm32 9.0.1/armtools/bin/../lib/gcc/arm-atollic-eabi/6.3.1/../../../../arm-atollic-eabi/lib/armv7e-m/softfp\libc_nano.a(lib_a-init.o)

Cross Reference Table

Symbol                                            File
ADC_AnalogWatchdogCmd                             STM32F4xx_StdPeriph_Driver\stm32f4xx_adc.o
ADC_AnalogWatchdogSingleChannelConfig             STM32F4xx_StdPeriph_Driver\stm32f4xx_adc.o
ADC_AnalogWatchdogThresholdsConfig                STM32F4xx_StdPeriph_Driver\stm32f4xx_adc.o
ADC_AutoInjectedConvCmd                           STM32F4xx_StdPeriph_Driver\stm32f4xx_adc.o
ADC_ClearFlag                                     STM32F4xx_StdPeriph_Driver\stm32f4xx_adc.o
ADC_ClearITPendingBit                             STM32F4xx_StdPeriph_Driver\stm32f4xx_adc.o
ADC_Cmd                                           STM32F4xx_StdPeriph_Driver\stm32f4xx_adc.o
ADC_CommonInit                                    STM32F4xx_StdPeriph_Driver\stm32f4xx_adc.o
ADC_CommonStructInit                              STM32F4xx_StdPeriph_Driver\stm32f4xx_adc.o
ADC_ContinuousModeCmd                             STM32F4xx_StdPeriph_Driver\stm32f4xx_adc.o
ADC_DMACmd                                        STM32F4xx_StdPeriph_Driver\stm32f4xx_adc.o
ADC_DMARequestAfterLastTransferCmd                STM32F4xx_StdPeriph_Driver\stm32f4xx_adc.o
ADC_DeInit                                        STM32F4xx_StdPeriph_Driver\stm32f4xx_adc.o
ADC_DiscModeChannelCountConfig                    STM32F4xx_StdPeriph_Driver\stm32f4xx_adc.o
ADC_DiscModeCmd                                   STM32F4xx_StdPeriph_Driver\stm32f4xx_adc.o
ADC_EOCOnEachRegularChannelCmd                    STM32F4xx_StdPeriph_Driver\stm32f4xx_adc.o
ADC_ExternalTrigInjectedConvConfig                STM32F4xx_StdPeriph_Driver\stm32f4xx_adc.o
ADC_ExternalTrigInjectedConvEdgeConfig            STM32F4xx_StdPeriph_Driver\stm32f4xx_adc.o
ADC_GetConversionValue                            STM32F4xx_StdPeriph_Driver\stm32f4xx_adc.o
ADC_GetFlagStatus                                 STM32F4xx_StdPeriph_Driver\stm32f4xx_adc.o
ADC_GetITStatus                                   STM32F4xx_StdPeriph_Driver\stm32f4xx_adc.o
ADC_GetInjectedConversionValue                    STM32F4xx_StdPeriph_Driver\stm32f4xx_adc.o
ADC_GetMultiModeConversionValue                   STM32F4xx_StdPeriph_Driver\stm32f4xx_adc.o
ADC_GetSoftwareStartConvStatus                    STM32F4xx_StdPeriph_Driver\stm32f4xx_adc.o
ADC_GetSoftwareStartInjectedConvCmdStatus         STM32F4xx_StdPeriph_Driver\stm32f4xx_adc.o
ADC_IRQHandler                                    TrueSTUDIO\startup_stm32f429_439xx.o
ADC_ITConfig                                      STM32F4xx_StdPeriph_Driver\stm32f4xx_adc.o
ADC_Init                                          STM32F4xx_StdPeriph_Driver\stm32f4xx_adc.o
ADC_InjectedChannelConfig                         STM32F4xx_StdPeriph_Driver\stm32f4xx_adc.o
ADC_InjectedDiscModeCmd                           STM32F4xx_StdPeriph_Driver\stm32f4xx_adc.o
ADC_InjectedSequencerLengthConfig                 STM32F4xx_StdPeriph_Driver\stm32f4xx_adc.o
ADC_MultiModeDMARequestAfterLastTransferCmd       STM32F4xx_StdPeriph_Driver\stm32f4xx_adc.o
ADC_RegularChannelConfig                          STM32F4xx_StdPeriph_Driver\stm32f4xx_adc.o
ADC_SetInjectedOffset                             STM32F4xx_StdPeriph_Driver\stm32f4xx_adc.o
ADC_SoftwareStartConv                             STM32F4xx_StdPeriph_Driver\stm32f4xx_adc.o
ADC_SoftwareStartInjectedConv                     STM32F4xx_StdPeriph_Driver\stm32f4xx_adc.o
ADC_StructInit                                    STM32F4xx_StdPeriph_Driver\stm32f4xx_adc.o
ADC_TempSensorVrefintCmd                          STM32F4xx_StdPeriph_Driver\stm32f4xx_adc.o
ADC_VBATCmd                                       STM32F4xx_StdPeriph_Driver\stm32f4xx_adc.o
AHBPrescTable                                     User\system_stm32f4xx.o
ASCII12x12_Table                                  STM32F429I-Discovery\stm32f429i_discovery_lcd.o
ASCII16x24_Table                                  STM32F429I-Discovery\stm32f429i_discovery_lcd.o
ASCII8x12_Table                                   STM32F429I-Discovery\stm32f429i_discovery_lcd.o
ASCII8x8_Table                                    STM32F429I-Discovery\stm32f429i_discovery_lcd.o
BUTTON_CLK                                        STM32F429I-Discovery\stm32f429i_discovery.o
BUTTON_EXTI_LINE                                  STM32F429I-Discovery\stm32f429i_discovery.o
BUTTON_IRQn                                       STM32F429I-Discovery\stm32f429i_discovery.o
BUTTON_PIN                                        STM32F429I-Discovery\stm32f429i_discovery.o
BUTTON_PIN_SOURCE                                 STM32F429I-Discovery\stm32f429i_discovery.o
BUTTON_PORT                                       STM32F429I-Discovery\stm32f429i_discovery.o
BUTTON_PORT_SOURCE                                STM32F429I-Discovery\stm32f429i_discovery.o
Buffer                                            User\main.o
BusFault_Handler                                  User\stm32f4xx_it.o
                                                  TrueSTUDIO\startup_stm32f429_439xx.o
CAN1_RX0_IRQHandler                               TrueSTUDIO\startup_stm32f429_439xx.o
CAN1_RX1_IRQHandler                               TrueSTUDIO\startup_stm32f429_439xx.o
CAN1_SCE_IRQHandler                               TrueSTUDIO\startup_stm32f429_439xx.o
CAN1_TX_IRQHandler                                TrueSTUDIO\startup_stm32f429_439xx.o
CAN2_RX0_IRQHandler                               TrueSTUDIO\startup_stm32f429_439xx.o
CAN2_RX1_IRQHandler                               TrueSTUDIO\startup_stm32f429_439xx.o
CAN2_SCE_IRQHandler                               TrueSTUDIO\startup_stm32f429_439xx.o
CAN2_TX_IRQHandler                                TrueSTUDIO\startup_stm32f429_439xx.o
CAN_CancelTransmit                                STM32F4xx_StdPeriph_Driver\stm32f4xx_can.o
CAN_ClearFlag                                     STM32F4xx_StdPeriph_Driver\stm32f4xx_can.o
CAN_ClearITPendingBit                             STM32F4xx_StdPeriph_Driver\stm32f4xx_can.o
CAN_DBGFreeze                                     STM32F4xx_StdPeriph_Driver\stm32f4xx_can.o
CAN_DeInit                                        STM32F4xx_StdPeriph_Driver\stm32f4xx_can.o
CAN_FIFORelease                                   STM32F4xx_StdPeriph_Driver\stm32f4xx_can.o
CAN_FilterInit                                    STM32F4xx_StdPeriph_Driver\stm32f4xx_can.o
CAN_GetFlagStatus                                 STM32F4xx_StdPeriph_Driver\stm32f4xx_can.o
CAN_GetITStatus                                   STM32F4xx_StdPeriph_Driver\stm32f4xx_can.o
CAN_GetLSBTransmitErrorCounter                    STM32F4xx_StdPeriph_Driver\stm32f4xx_can.o
CAN_GetLastErrorCode                              STM32F4xx_StdPeriph_Driver\stm32f4xx_can.o
CAN_GetReceiveErrorCounter                        STM32F4xx_StdPeriph_Driver\stm32f4xx_can.o
CAN_ITConfig                                      STM32F4xx_StdPeriph_Driver\stm32f4xx_can.o
CAN_Init                                          STM32F4xx_StdPeriph_Driver\stm32f4xx_can.o
CAN_MessagePending                                STM32F4xx_StdPeriph_Driver\stm32f4xx_can.o
CAN_OperatingModeRequest                          STM32F4xx_StdPeriph_Driver\stm32f4xx_can.o
CAN_Receive                                       STM32F4xx_StdPeriph_Driver\stm32f4xx_can.o
CAN_SlaveStartBank                                STM32F4xx_StdPeriph_Driver\stm32f4xx_can.o
CAN_Sleep                                         STM32F4xx_StdPeriph_Driver\stm32f4xx_can.o
CAN_StructInit                                    STM32F4xx_StdPeriph_Driver\stm32f4xx_can.o
CAN_TTComModeCmd                                  STM32F4xx_StdPeriph_Driver\stm32f4xx_can.o
CAN_Transmit                                      STM32F4xx_StdPeriph_Driver\stm32f4xx_can.o
CAN_TransmitStatus                                STM32F4xx_StdPeriph_Driver\stm32f4xx_can.o
CAN_WakeUp                                        STM32F4xx_StdPeriph_Driver\stm32f4xx_can.o
CRC_CalcBlockCRC                                  STM32F4xx_StdPeriph_Driver\stm32f4xx_crc.o
CRC_CalcCRC                                       STM32F4xx_StdPeriph_Driver\stm32f4xx_crc.o
CRC_GetCRC                                        STM32F4xx_StdPeriph_Driver\stm32f4xx_crc.o
CRC_GetIDRegister                                 STM32F4xx_StdPeriph_Driver\stm32f4xx_crc.o
CRC_ResetDR                                       STM32F4xx_StdPeriph_Driver\stm32f4xx_crc.o
CRC_SetIDRegister                                 STM32F4xx_StdPeriph_Driver\stm32f4xx_crc.o
CRYP_AES_CBC                                      STM32F4xx_StdPeriph_Driver\stm32f4xx_cryp_aes.o
CRYP_AES_CCM                                      STM32F4xx_StdPeriph_Driver\stm32f4xx_cryp_aes.o
CRYP_AES_CTR                                      STM32F4xx_StdPeriph_Driver\stm32f4xx_cryp_aes.o
CRYP_AES_ECB                                      STM32F4xx_StdPeriph_Driver\stm32f4xx_cryp_aes.o
CRYP_AES_GCM                                      STM32F4xx_StdPeriph_Driver\stm32f4xx_cryp_aes.o
CRYP_Cmd                                          STM32F4xx_StdPeriph_Driver\stm32f4xx_cryp.o
                                                  STM32F4xx_StdPeriph_Driver\stm32f4xx_cryp_tdes.o
                                                  STM32F4xx_StdPeriph_Driver\stm32f4xx_cryp_des.o
                                                  STM32F4xx_StdPeriph_Driver\stm32f4xx_cryp_aes.o
CRYP_DES_CBC                                      STM32F4xx_StdPeriph_Driver\stm32f4xx_cryp_des.o
CRYP_DES_ECB                                      STM32F4xx_StdPeriph_Driver\stm32f4xx_cryp_des.o
CRYP_DMACmd                                       STM32F4xx_StdPeriph_Driver\stm32f4xx_cryp.o
CRYP_DataIn                                       STM32F4xx_StdPeriph_Driver\stm32f4xx_cryp.o
                                                  STM32F4xx_StdPeriph_Driver\stm32f4xx_cryp_tdes.o
                                                  STM32F4xx_StdPeriph_Driver\stm32f4xx_cryp_des.o
                                                  STM32F4xx_StdPeriph_Driver\stm32f4xx_cryp_aes.o
CRYP_DataOut                                      STM32F4xx_StdPeriph_Driver\stm32f4xx_cryp.o
                                                  STM32F4xx_StdPeriph_Driver\stm32f4xx_cryp_tdes.o
                                                  STM32F4xx_StdPeriph_Driver\stm32f4xx_cryp_des.o
                                                  STM32F4xx_StdPeriph_Driver\stm32f4xx_cryp_aes.o
CRYP_DeInit                                       STM32F4xx_StdPeriph_Driver\stm32f4xx_cryp.o
CRYP_FIFOFlush                                    STM32F4xx_StdPeriph_Driver\stm32f4xx_cryp.o
                                                  STM32F4xx_StdPeriph_Driver\stm32f4xx_cryp_tdes.o
                                                  STM32F4xx_StdPeriph_Driver\stm32f4xx_cryp_des.o
                                                  STM32F4xx_StdPeriph_Driver\stm32f4xx_cryp_aes.o
CRYP_GetCmdStatus                                 STM32F4xx_StdPeriph_Driver\stm32f4xx_cryp.o
                                                  STM32F4xx_StdPeriph_Driver\stm32f4xx_cryp_tdes.o
                                                  STM32F4xx_StdPeriph_Driver\stm32f4xx_cryp_des.o
                                                  STM32F4xx_StdPeriph_Driver\stm32f4xx_cryp_aes.o
CRYP_GetFlagStatus                                STM32F4xx_StdPeriph_Driver\stm32f4xx_cryp.o
                                                  STM32F4xx_StdPeriph_Driver\stm32f4xx_cryp_tdes.o
                                                  STM32F4xx_StdPeriph_Driver\stm32f4xx_cryp_des.o
                                                  STM32F4xx_StdPeriph_Driver\stm32f4xx_cryp_aes.o
CRYP_GetITStatus                                  STM32F4xx_StdPeriph_Driver\stm32f4xx_cryp.o
CRYP_IRQHandler                                   TrueSTUDIO\startup_stm32f429_439xx.o
CRYP_ITConfig                                     STM32F4xx_StdPeriph_Driver\stm32f4xx_cryp.o
CRYP_IVInit                                       STM32F4xx_StdPeriph_Driver\stm32f4xx_cryp.o
                                                  STM32F4xx_StdPeriph_Driver\stm32f4xx_cryp_tdes.o
                                                  STM32F4xx_StdPeriph_Driver\stm32f4xx_cryp_des.o
                                                  STM32F4xx_StdPeriph_Driver\stm32f4xx_cryp_aes.o
CRYP_IVStructInit                                 STM32F4xx_StdPeriph_Driver\stm32f4xx_cryp.o
CRYP_Init                                         STM32F4xx_StdPeriph_Driver\stm32f4xx_cryp.o
                                                  STM32F4xx_StdPeriph_Driver\stm32f4xx_cryp_tdes.o
                                                  STM32F4xx_StdPeriph_Driver\stm32f4xx_cryp_des.o
                                                  STM32F4xx_StdPeriph_Driver\stm32f4xx_cryp_aes.o
CRYP_KeyInit                                      STM32F4xx_StdPeriph_Driver\stm32f4xx_cryp.o
                                                  STM32F4xx_StdPeriph_Driver\stm32f4xx_cryp_tdes.o
                                                  STM32F4xx_StdPeriph_Driver\stm32f4xx_cryp_des.o
                                                  STM32F4xx_StdPeriph_Driver\stm32f4xx_cryp_aes.o
CRYP_KeyStructInit                                STM32F4xx_StdPeriph_Driver\stm32f4xx_cryp.o
                                                  STM32F4xx_StdPeriph_Driver\stm32f4xx_cryp_tdes.o
                                                  STM32F4xx_StdPeriph_Driver\stm32f4xx_cryp_des.o
                                                  STM32F4xx_StdPeriph_Driver\stm32f4xx_cryp_aes.o
CRYP_PhaseConfig                                  STM32F4xx_StdPeriph_Driver\stm32f4xx_cryp.o
                                                  STM32F4xx_StdPeriph_Driver\stm32f4xx_cryp_aes.o
CRYP_RestoreContext                               STM32F4xx_StdPeriph_Driver\stm32f4xx_cryp.o
CRYP_SaveContext                                  STM32F4xx_StdPeriph_Driver\stm32f4xx_cryp.o
CRYP_StructInit                                   STM32F4xx_StdPeriph_Driver\stm32f4xx_cryp.o
CRYP_TDES_CBC                                     STM32F4xx_StdPeriph_Driver\stm32f4xx_cryp_tdes.o
CRYP_TDES_ECB                                     STM32F4xx_StdPeriph_Driver\stm32f4xx_cryp_tdes.o
DAC_ClearFlag                                     STM32F4xx_StdPeriph_Driver\stm32f4xx_dac.o
DAC_ClearITPendingBit                             STM32F4xx_StdPeriph_Driver\stm32f4xx_dac.o
DAC_Cmd                                           STM32F4xx_StdPeriph_Driver\stm32f4xx_dac.o
DAC_DMACmd                                        STM32F4xx_StdPeriph_Driver\stm32f4xx_dac.o
DAC_DeInit                                        STM32F4xx_StdPeriph_Driver\stm32f4xx_dac.o
DAC_DualSoftwareTriggerCmd                        STM32F4xx_StdPeriph_Driver\stm32f4xx_dac.o
DAC_GetDataOutputValue                            STM32F4xx_StdPeriph_Driver\stm32f4xx_dac.o
DAC_GetFlagStatus                                 STM32F4xx_StdPeriph_Driver\stm32f4xx_dac.o
DAC_GetITStatus                                   STM32F4xx_StdPeriph_Driver\stm32f4xx_dac.o
DAC_ITConfig                                      STM32F4xx_StdPeriph_Driver\stm32f4xx_dac.o
DAC_Init                                          STM32F4xx_StdPeriph_Driver\stm32f4xx_dac.o
DAC_SetChannel1Data                               STM32F4xx_StdPeriph_Driver\stm32f4xx_dac.o
DAC_SetChannel2Data                               STM32F4xx_StdPeriph_Driver\stm32f4xx_dac.o
DAC_SetDualChannelData                            STM32F4xx_StdPeriph_Driver\stm32f4xx_dac.o
DAC_SoftwareTriggerCmd                            STM32F4xx_StdPeriph_Driver\stm32f4xx_dac.o
DAC_StructInit                                    STM32F4xx_StdPeriph_Driver\stm32f4xx_dac.o
DAC_WaveGenerationCmd                             STM32F4xx_StdPeriph_Driver\stm32f4xx_dac.o
DBGMCU_APB1PeriphConfig                           STM32F4xx_StdPeriph_Driver\stm32f4xx_dbgmcu.o
DBGMCU_APB2PeriphConfig                           STM32F4xx_StdPeriph_Driver\stm32f4xx_dbgmcu.o
DBGMCU_Config                                     STM32F4xx_StdPeriph_Driver\stm32f4xx_dbgmcu.o
DBGMCU_GetDEVID                                   STM32F4xx_StdPeriph_Driver\stm32f4xx_dbgmcu.o
DBGMCU_GetREVID                                   STM32F4xx_StdPeriph_Driver\stm32f4xx_dbgmcu.o
DCMI_CROPCmd                                      STM32F4xx_StdPeriph_Driver\stm32f4xx_dcmi.o
DCMI_CROPConfig                                   STM32F4xx_StdPeriph_Driver\stm32f4xx_dcmi.o
DCMI_CaptureCmd                                   STM32F4xx_StdPeriph_Driver\stm32f4xx_dcmi.o
DCMI_ClearFlag                                    STM32F4xx_StdPeriph_Driver\stm32f4xx_dcmi.o
DCMI_ClearITPendingBit                            STM32F4xx_StdPeriph_Driver\stm32f4xx_dcmi.o
DCMI_Cmd                                          STM32F4xx_StdPeriph_Driver\stm32f4xx_dcmi.o
DCMI_DeInit                                       STM32F4xx_StdPeriph_Driver\stm32f4xx_dcmi.o
DCMI_GetFlagStatus                                STM32F4xx_StdPeriph_Driver\stm32f4xx_dcmi.o
DCMI_GetITStatus                                  STM32F4xx_StdPeriph_Driver\stm32f4xx_dcmi.o
DCMI_IRQHandler                                   TrueSTUDIO\startup_stm32f429_439xx.o
DCMI_ITConfig                                     STM32F4xx_StdPeriph_Driver\stm32f4xx_dcmi.o
DCMI_Init                                         STM32F4xx_StdPeriph_Driver\stm32f4xx_dcmi.o
DCMI_JPEGCmd                                      STM32F4xx_StdPeriph_Driver\stm32f4xx_dcmi.o
DCMI_ReadData                                     STM32F4xx_StdPeriph_Driver\stm32f4xx_dcmi.o
DCMI_SetEmbeddedSynchroCodes                      STM32F4xx_StdPeriph_Driver\stm32f4xx_dcmi.o
DCMI_StructInit                                   STM32F4xx_StdPeriph_Driver\stm32f4xx_dcmi.o
DMA1_Stream0_IRQHandler                           TrueSTUDIO\startup_stm32f429_439xx.o
DMA1_Stream1_IRQHandler                           TrueSTUDIO\startup_stm32f429_439xx.o
DMA1_Stream2_IRQHandler                           TrueSTUDIO\startup_stm32f429_439xx.o
DMA1_Stream3_IRQHandler                           TrueSTUDIO\startup_stm32f429_439xx.o
DMA1_Stream4_IRQHandler                           TrueSTUDIO\startup_stm32f429_439xx.o
DMA1_Stream5_IRQHandler                           TrueSTUDIO\startup_stm32f429_439xx.o
DMA1_Stream6_IRQHandler                           TrueSTUDIO\startup_stm32f429_439xx.o
DMA1_Stream7_IRQHandler                           TrueSTUDIO\startup_stm32f429_439xx.o
DMA2D_AbortTransfer                               STM32F4xx_StdPeriph_Driver\stm32f4xx_dma2d.o
DMA2D_BGConfig                                    STM32F4xx_StdPeriph_Driver\stm32f4xx_dma2d.o
DMA2D_BGStart                                     STM32F4xx_StdPeriph_Driver\stm32f4xx_dma2d.o
DMA2D_BG_StructInit                               STM32F4xx_StdPeriph_Driver\stm32f4xx_dma2d.o
DMA2D_ClearFlag                                   STM32F4xx_StdPeriph_Driver\stm32f4xx_dma2d.o
DMA2D_ClearITPendingBit                           STM32F4xx_StdPeriph_Driver\stm32f4xx_dma2d.o
DMA2D_DeInit                                      STM32F4xx_StdPeriph_Driver\stm32f4xx_dma2d.o
                                                  STM32F429I-Discovery\stm32f429i_discovery_lcd.o
DMA2D_DeadTimeConfig                              STM32F4xx_StdPeriph_Driver\stm32f4xx_dma2d.o
DMA2D_FGConfig                                    STM32F4xx_StdPeriph_Driver\stm32f4xx_dma2d.o
DMA2D_FGStart                                     STM32F4xx_StdPeriph_Driver\stm32f4xx_dma2d.o
DMA2D_FG_StructInit                               STM32F4xx_StdPeriph_Driver\stm32f4xx_dma2d.o
DMA2D_GetFlagStatus                               STM32F4xx_StdPeriph_Driver\stm32f4xx_dma2d.o
                                                  STM32F429I-Discovery\stm32f429i_discovery_lcd.o
DMA2D_GetITStatus                                 STM32F4xx_StdPeriph_Driver\stm32f4xx_dma2d.o
DMA2D_IRQHandler                                  TrueSTUDIO\startup_stm32f429_439xx.o
DMA2D_ITConfig                                    STM32F4xx_StdPeriph_Driver\stm32f4xx_dma2d.o
DMA2D_Init                                        STM32F4xx_StdPeriph_Driver\stm32f4xx_dma2d.o
                                                  STM32F429I-Discovery\stm32f429i_discovery_lcd.o
DMA2D_LineWatermarkConfig                         STM32F4xx_StdPeriph_Driver\stm32f4xx_dma2d.o
DMA2D_StartTransfer                               STM32F4xx_StdPeriph_Driver\stm32f4xx_dma2d.o
                                                  STM32F429I-Discovery\stm32f429i_discovery_lcd.o
DMA2D_StructInit                                  STM32F4xx_StdPeriph_Driver\stm32f4xx_dma2d.o
DMA2D_Suspend                                     STM32F4xx_StdPeriph_Driver\stm32f4xx_dma2d.o
DMA2_Stream0_IRQHandler                           TrueSTUDIO\startup_stm32f429_439xx.o
DMA2_Stream1_IRQHandler                           TrueSTUDIO\startup_stm32f429_439xx.o
DMA2_Stream2_IRQHandler                           TrueSTUDIO\startup_stm32f429_439xx.o
DMA2_Stream3_IRQHandler                           TrueSTUDIO\startup_stm32f429_439xx.o
DMA2_Stream4_IRQHandler                           TrueSTUDIO\startup_stm32f429_439xx.o
DMA2_Stream5_IRQHandler                           TrueSTUDIO\startup_stm32f429_439xx.o
DMA2_Stream6_IRQHandler                           TrueSTUDIO\startup_stm32f429_439xx.o
DMA2_Stream7_IRQHandler                           TrueSTUDIO\startup_stm32f429_439xx.o
DMA_ClearFlag                                     STM32F4xx_StdPeriph_Driver\stm32f4xx_dma.o
                                                  STM32F429I-Discovery\stm32f429i_discovery.o
DMA_ClearITPendingBit                             STM32F4xx_StdPeriph_Driver\stm32f4xx_dma.o
DMA_Cmd                                           STM32F4xx_StdPeriph_Driver\stm32f4xx_dma.o
                                                  STM32F429I-Discovery\stm32f429i_discovery.o
DMA_DeInit                                        STM32F4xx_StdPeriph_Driver\stm32f4xx_dma.o
                                                  STM32F429I-Discovery\stm32f429i_discovery.o
DMA_DoubleBufferModeCmd                           STM32F4xx_StdPeriph_Driver\stm32f4xx_dma.o
DMA_DoubleBufferModeConfig                        STM32F4xx_StdPeriph_Driver\stm32f4xx_dma.o
DMA_FlowControllerConfig                          STM32F4xx_StdPeriph_Driver\stm32f4xx_dma.o
DMA_GetCmdStatus                                  STM32F4xx_StdPeriph_Driver\stm32f4xx_dma.o
DMA_GetCurrDataCounter                            STM32F4xx_StdPeriph_Driver\stm32f4xx_dma.o
DMA_GetCurrentMemoryTarget                        STM32F4xx_StdPeriph_Driver\stm32f4xx_dma.o
DMA_GetFIFOStatus                                 STM32F4xx_StdPeriph_Driver\stm32f4xx_dma.o
DMA_GetFlagStatus                                 STM32F4xx_StdPeriph_Driver\stm32f4xx_dma.o
DMA_GetITStatus                                   STM32F4xx_StdPeriph_Driver\stm32f4xx_dma.o
DMA_ITConfig                                      STM32F4xx_StdPeriph_Driver\stm32f4xx_dma.o
                                                  STM32F429I-Discovery\stm32f429i_discovery.o
DMA_Init                                          STM32F4xx_StdPeriph_Driver\stm32f4xx_dma.o
                                                  STM32F429I-Discovery\stm32f429i_discovery.o
DMA_MemoryTargetConfig                            STM32F4xx_StdPeriph_Driver\stm32f4xx_dma.o
DMA_PeriphIncOffsetSizeConfig                     STM32F4xx_StdPeriph_Driver\stm32f4xx_dma.o
DMA_SetCurrDataCounter                            STM32F4xx_StdPeriph_Driver\stm32f4xx_dma.o
DMA_StructInit                                    STM32F4xx_StdPeriph_Driver\stm32f4xx_dma.o
DebugMon_Handler                                  User\stm32f4xx_it.o
                                                  TrueSTUDIO\startup_stm32f429_439xx.o
Default_Handler                                   TrueSTUDIO\startup_stm32f429_439xx.o
Delay                                             User\main.o
ETH_IRQHandler                                    TrueSTUDIO\startup_stm32f429_439xx.o
ETH_WKUP_IRQHandler                               TrueSTUDIO\startup_stm32f429_439xx.o
EXTI0_IRQHandler                                  TrueSTUDIO\startup_stm32f429_439xx.o
EXTI15_10_IRQHandler                              TrueSTUDIO\startup_stm32f429_439xx.o
EXTI1_IRQHandler                                  TrueSTUDIO\startup_stm32f429_439xx.o
EXTI2_IRQHandler                                  TrueSTUDIO\startup_stm32f429_439xx.o
EXTI3_IRQHandler                                  TrueSTUDIO\startup_stm32f429_439xx.o
EXTI4_IRQHandler                                  TrueSTUDIO\startup_stm32f429_439xx.o
EXTI9_5_IRQHandler                                TrueSTUDIO\startup_stm32f429_439xx.o
EXTI_ClearFlag                                    STM32F4xx_StdPeriph_Driver\stm32f4xx_exti.o
EXTI_ClearITPendingBit                            STM32F4xx_StdPeriph_Driver\stm32f4xx_exti.o
EXTI_DeInit                                       STM32F4xx_StdPeriph_Driver\stm32f4xx_exti.o
EXTI_GenerateSWInterrupt                          STM32F4xx_StdPeriph_Driver\stm32f4xx_exti.o
EXTI_GetFlagStatus                                STM32F4xx_StdPeriph_Driver\stm32f4xx_exti.o
EXTI_GetITStatus                                  STM32F4xx_StdPeriph_Driver\stm32f4xx_exti.o
EXTI_Init                                         STM32F4xx_StdPeriph_Driver\stm32f4xx_exti.o
                                                  STM32F429I-Discovery\stm32f429i_discovery.o
EXTI_StructInit                                   STM32F4xx_StdPeriph_Driver\stm32f4xx_exti.o
FLASH_ClearFlag                                   STM32F4xx_StdPeriph_Driver\stm32f4xx_flash.o
FLASH_DataCacheCmd                                STM32F4xx_StdPeriph_Driver\stm32f4xx_flash.o
FLASH_DataCacheReset                              STM32F4xx_StdPeriph_Driver\stm32f4xx_flash.o
FLASH_EraseAllBank1Sectors                        STM32F4xx_StdPeriph_Driver\stm32f4xx_flash.o
FLASH_EraseAllBank2Sectors                        STM32F4xx_StdPeriph_Driver\stm32f4xx_flash.o
FLASH_EraseAllSectors                             STM32F4xx_StdPeriph_Driver\stm32f4xx_flash.o
FLASH_EraseSector                                 STM32F4xx_StdPeriph_Driver\stm32f4xx_flash.o
FLASH_GetFlagStatus                               STM32F4xx_StdPeriph_Driver\stm32f4xx_flash.o
FLASH_GetStatus                                   STM32F4xx_StdPeriph_Driver\stm32f4xx_flash.o
FLASH_IRQHandler                                  TrueSTUDIO\startup_stm32f429_439xx.o
FLASH_ITConfig                                    STM32F4xx_StdPeriph_Driver\stm32f4xx_flash.o
FLASH_InstructionCacheCmd                         STM32F4xx_StdPeriph_Driver\stm32f4xx_flash.o
FLASH_InstructionCacheReset                       STM32F4xx_StdPeriph_Driver\stm32f4xx_flash.o
FLASH_Lock                                        STM32F4xx_StdPeriph_Driver\stm32f4xx_flash.o
FLASH_OB_BORConfig                                STM32F4xx_StdPeriph_Driver\stm32f4xx_flash.o
FLASH_OB_BootConfig                               STM32F4xx_StdPeriph_Driver\stm32f4xx_flash.o
FLASH_OB_GetBOR                                   STM32F4xx_StdPeriph_Driver\stm32f4xx_flash.o
FLASH_OB_GetPCROP                                 STM32F4xx_StdPeriph_Driver\stm32f4xx_flash.o
FLASH_OB_GetPCROP1                                STM32F4xx_StdPeriph_Driver\stm32f4xx_flash.o
FLASH_OB_GetRDP                                   STM32F4xx_StdPeriph_Driver\stm32f4xx_flash.o
FLASH_OB_GetUser                                  STM32F4xx_StdPeriph_Driver\stm32f4xx_flash.o
FLASH_OB_GetWRP                                   STM32F4xx_StdPeriph_Driver\stm32f4xx_flash.o
FLASH_OB_GetWRP1                                  STM32F4xx_StdPeriph_Driver\stm32f4xx_flash.o
FLASH_OB_Launch                                   STM32F4xx_StdPeriph_Driver\stm32f4xx_flash.o
FLASH_OB_Lock                                     STM32F4xx_StdPeriph_Driver\stm32f4xx_flash.o
FLASH_OB_PCROP1Config                             STM32F4xx_StdPeriph_Driver\stm32f4xx_flash.o
FLASH_OB_PCROPConfig                              STM32F4xx_StdPeriph_Driver\stm32f4xx_flash.o
FLASH_OB_PCROPSelectionConfig                     STM32F4xx_StdPeriph_Driver\stm32f4xx_flash.o
FLASH_OB_RDPConfig                                STM32F4xx_StdPeriph_Driver\stm32f4xx_flash.o
FLASH_OB_Unlock                                   STM32F4xx_StdPeriph_Driver\stm32f4xx_flash.o
FLASH_OB_UserConfig                               STM32F4xx_StdPeriph_Driver\stm32f4xx_flash.o
FLASH_OB_WRP1Config                               STM32F4xx_StdPeriph_Driver\stm32f4xx_flash.o
FLASH_OB_WRPConfig                                STM32F4xx_StdPeriph_Driver\stm32f4xx_flash.o
FLASH_PrefetchBufferCmd                           STM32F4xx_StdPeriph_Driver\stm32f4xx_flash.o
FLASH_ProgramByte                                 STM32F4xx_StdPeriph_Driver\stm32f4xx_flash.o
FLASH_ProgramDoubleWord                           STM32F4xx_StdPeriph_Driver\stm32f4xx_flash.o
FLASH_ProgramHalfWord                             STM32F4xx_StdPeriph_Driver\stm32f4xx_flash.o
FLASH_ProgramWord                                 STM32F4xx_StdPeriph_Driver\stm32f4xx_flash.o
FLASH_SetLatency                                  STM32F4xx_StdPeriph_Driver\stm32f4xx_flash.o
FLASH_Unlock                                      STM32F4xx_StdPeriph_Driver\stm32f4xx_flash.o
FLASH_WaitForLastOperation                        STM32F4xx_StdPeriph_Driver\stm32f4xx_flash.o
FMC_ClearFlag                                     STM32F4xx_StdPeriph_Driver\stm32f4xx_fmc.o
FMC_ClearITPendingBit                             STM32F4xx_StdPeriph_Driver\stm32f4xx_fmc.o
FMC_GetECC                                        STM32F4xx_StdPeriph_Driver\stm32f4xx_fmc.o
FMC_GetFlagStatus                                 STM32F4xx_StdPeriph_Driver\stm32f4xx_fmc.o
                                                  STM32F429I-Discovery\stm32f429i_discovery_sdram.o
FMC_GetITStatus                                   STM32F4xx_StdPeriph_Driver\stm32f4xx_fmc.o
FMC_GetModeStatus                                 STM32F4xx_StdPeriph_Driver\stm32f4xx_fmc.o
FMC_ITConfig                                      STM32F4xx_StdPeriph_Driver\stm32f4xx_fmc.o
FMC_NANDCmd                                       STM32F4xx_StdPeriph_Driver\stm32f4xx_fmc.o
FMC_NANDDeInit                                    STM32F4xx_StdPeriph_Driver\stm32f4xx_fmc.o
FMC_NANDECCCmd                                    STM32F4xx_StdPeriph_Driver\stm32f4xx_fmc.o
FMC_NANDInit                                      STM32F4xx_StdPeriph_Driver\stm32f4xx_fmc.o
FMC_NANDStructInit                                STM32F4xx_StdPeriph_Driver\stm32f4xx_fmc.o
FMC_NORSRAMCmd                                    STM32F4xx_StdPeriph_Driver\stm32f4xx_fmc.o
FMC_NORSRAMDeInit                                 STM32F4xx_StdPeriph_Driver\stm32f4xx_fmc.o
FMC_NORSRAMInit                                   STM32F4xx_StdPeriph_Driver\stm32f4xx_fmc.o
FMC_NORSRAMStructInit                             STM32F4xx_StdPeriph_Driver\stm32f4xx_fmc.o
FMC_PCCARDCmd                                     STM32F4xx_StdPeriph_Driver\stm32f4xx_fmc.o
FMC_PCCARDDeInit                                  STM32F4xx_StdPeriph_Driver\stm32f4xx_fmc.o
FMC_PCCARDInit                                    STM32F4xx_StdPeriph_Driver\stm32f4xx_fmc.o
FMC_PCCARDStructInit                              STM32F4xx_StdPeriph_Driver\stm32f4xx_fmc.o
FMC_SDRAMCmdConfig                                STM32F4xx_StdPeriph_Driver\stm32f4xx_fmc.o
                                                  STM32F429I-Discovery\stm32f429i_discovery_sdram.o
FMC_SDRAMDeInit                                   STM32F4xx_StdPeriph_Driver\stm32f4xx_fmc.o
FMC_SDRAMInit                                     STM32F4xx_StdPeriph_Driver\stm32f4xx_fmc.o
                                                  STM32F429I-Discovery\stm32f429i_discovery_sdram.o
FMC_SDRAMStructInit                               STM32F4xx_StdPeriph_Driver\stm32f4xx_fmc.o
FMC_SDRAMWriteProtectionConfig                    STM32F4xx_StdPeriph_Driver\stm32f4xx_fmc.o
                                                  STM32F429I-Discovery\stm32f429i_discovery_sdram.o
FMC_SetAutoRefresh_Number                         STM32F4xx_StdPeriph_Driver\stm32f4xx_fmc.o
FMC_SetRefreshCount                               STM32F4xx_StdPeriph_Driver\stm32f4xx_fmc.o
                                                  STM32F429I-Discovery\stm32f429i_discovery_sdram.o
FPU_IRQHandler                                    TrueSTUDIO\startup_stm32f429_439xx.o
FSMC_IRQHandler                                   TrueSTUDIO\startup_stm32f429_439xx.o
Font12x12                                         STM32F429I-Discovery\stm32f429i_discovery_lcd.o
Font16x24                                         STM32F429I-Discovery\stm32f429i_discovery_lcd.o
Font8x12                                          STM32F429I-Discovery\stm32f429i_discovery_lcd.o
Font8x8                                           STM32F429I-Discovery\stm32f429i_discovery_lcd.o
GPIO_CLK                                          STM32F429I-Discovery\stm32f429i_discovery.o
GPIO_DeInit                                       STM32F4xx_StdPeriph_Driver\stm32f4xx_gpio.o
GPIO_Init                                         STM32F4xx_StdPeriph_Driver\stm32f4xx_gpio.o
                                                  STM32F429I-Discovery\stm32f429i_discovery_sdram.o
                                                  STM32F429I-Discovery\stm32f429i_discovery_lcd.o
                                                  STM32F429I-Discovery\stm32f429i_discovery_l3gd20.o
                                                  STM32F429I-Discovery\stm32f429i_discovery.o
GPIO_PIN                                          STM32F429I-Discovery\stm32f429i_discovery.o
GPIO_PORT                                         STM32F429I-Discovery\stm32f429i_discovery.o
GPIO_PinAFConfig                                  STM32F4xx_StdPeriph_Driver\stm32f4xx_gpio.o
                                                  STM32F429I-Discovery\stm32f429i_discovery_sdram.o
                                                  STM32F429I-Discovery\stm32f429i_discovery_lcd.o
                                                  STM32F429I-Discovery\stm32f429i_discovery_l3gd20.o
                                                  STM32F429I-Discovery\stm32f429i_discovery.o
GPIO_PinLockConfig                                STM32F4xx_StdPeriph_Driver\stm32f4xx_gpio.o
GPIO_ReadInputData                                STM32F4xx_StdPeriph_Driver\stm32f4xx_gpio.o
GPIO_ReadInputDataBit                             STM32F4xx_StdPeriph_Driver\stm32f4xx_gpio.o
                                                  STM32F429I-Discovery\stm32f429i_discovery.o
GPIO_ReadOutputData                               STM32F4xx_StdPeriph_Driver\stm32f4xx_gpio.o
GPIO_ReadOutputDataBit                            STM32F4xx_StdPeriph_Driver\stm32f4xx_gpio.o
GPIO_ResetBits                                    STM32F4xx_StdPeriph_Driver\stm32f4xx_gpio.o
                                                  STM32F429I-Discovery\stm32f429i_discovery_lcd.o
                                                  STM32F429I-Discovery\stm32f429i_discovery_l3gd20.o
GPIO_SetBits                                      STM32F4xx_StdPeriph_Driver\stm32f4xx_gpio.o
                                                  STM32F429I-Discovery\stm32f429i_discovery_lcd.o
                                                  STM32F429I-Discovery\stm32f429i_discovery_l3gd20.o
GPIO_StructInit                                   STM32F4xx_StdPeriph_Driver\stm32f4xx_gpio.o
GPIO_ToggleBits                                   STM32F4xx_StdPeriph_Driver\stm32f4xx_gpio.o
GPIO_Write                                        STM32F4xx_StdPeriph_Driver\stm32f4xx_gpio.o
GPIO_WriteBit                                     STM32F4xx_StdPeriph_Driver\stm32f4xx_gpio.o
                                                  STM32F429I-Discovery\stm32f429i_discovery_lcd.o
Gyro                                              User\main.o
HASH_AutoStartDigest                              STM32F4xx_StdPeriph_Driver\stm32f4xx_hash.o
HASH_ClearFlag                                    STM32F4xx_StdPeriph_Driver\stm32f4xx_hash.o
HASH_ClearITPendingBit                            STM32F4xx_StdPeriph_Driver\stm32f4xx_hash.o
HASH_DMACmd                                       STM32F4xx_StdPeriph_Driver\stm32f4xx_hash.o
HASH_DataIn                                       STM32F4xx_StdPeriph_Driver\stm32f4xx_hash.o
                                                  STM32F4xx_StdPeriph_Driver\stm32f4xx_hash_sha1.o
                                                  STM32F4xx_StdPeriph_Driver\stm32f4xx_hash_md5.o
HASH_DeInit                                       STM32F4xx_StdPeriph_Driver\stm32f4xx_hash.o
                                                  STM32F4xx_StdPeriph_Driver\stm32f4xx_hash_sha1.o
                                                  STM32F4xx_StdPeriph_Driver\stm32f4xx_hash_md5.o
HASH_GetDigest                                    STM32F4xx_StdPeriph_Driver\stm32f4xx_hash.o
                                                  STM32F4xx_StdPeriph_Driver\stm32f4xx_hash_sha1.o
                                                  STM32F4xx_StdPeriph_Driver\stm32f4xx_hash_md5.o
HASH_GetFlagStatus                                STM32F4xx_StdPeriph_Driver\stm32f4xx_hash.o
                                                  STM32F4xx_StdPeriph_Driver\stm32f4xx_hash_sha1.o
                                                  STM32F4xx_StdPeriph_Driver\stm32f4xx_hash_md5.o
HASH_GetITStatus                                  STM32F4xx_StdPeriph_Driver\stm32f4xx_hash.o
HASH_GetInFIFOWordsNbr                            STM32F4xx_StdPeriph_Driver\stm32f4xx_hash.o
HASH_ITConfig                                     STM32F4xx_StdPeriph_Driver\stm32f4xx_hash.o
HASH_Init                                         STM32F4xx_StdPeriph_Driver\stm32f4xx_hash.o
                                                  STM32F4xx_StdPeriph_Driver\stm32f4xx_hash_sha1.o
                                                  STM32F4xx_StdPeriph_Driver\stm32f4xx_hash_md5.o
HASH_MD5                                          STM32F4xx_StdPeriph_Driver\stm32f4xx_hash_md5.o
HASH_RNG_IRQHandler                               TrueSTUDIO\startup_stm32f429_439xx.o
HASH_Reset                                        STM32F4xx_StdPeriph_Driver\stm32f4xx_hash.o
HASH_RestoreContext                               STM32F4xx_StdPeriph_Driver\stm32f4xx_hash.o
HASH_SHA1                                         STM32F4xx_StdPeriph_Driver\stm32f4xx_hash_sha1.o
HASH_SaveContext                                  STM32F4xx_StdPeriph_Driver\stm32f4xx_hash.o
HASH_SetLastWordValidBitsNbr                      STM32F4xx_StdPeriph_Driver\stm32f4xx_hash.o
                                                  STM32F4xx_StdPeriph_Driver\stm32f4xx_hash_sha1.o
                                                  STM32F4xx_StdPeriph_Driver\stm32f4xx_hash_md5.o
HASH_StartDigest                                  STM32F4xx_StdPeriph_Driver\stm32f4xx_hash.o
                                                  STM32F4xx_StdPeriph_Driver\stm32f4xx_hash_sha1.o
                                                  STM32F4xx_StdPeriph_Driver\stm32f4xx_hash_md5.o
HASH_StructInit                                   STM32F4xx_StdPeriph_Driver\stm32f4xx_hash.o
HMAC_MD5                                          STM32F4xx_StdPeriph_Driver\stm32f4xx_hash_md5.o
HMAC_SHA1                                         STM32F4xx_StdPeriph_Driver\stm32f4xx_hash_sha1.o
HardFault_Handler                                 User\stm32f4xx_it.o
                                                  TrueSTUDIO\startup_stm32f429_439xx.o
I2C1_ER_IRQHandler                                TrueSTUDIO\startup_stm32f429_439xx.o
I2C1_EV_IRQHandler                                TrueSTUDIO\startup_stm32f429_439xx.o
I2C2_ER_IRQHandler                                TrueSTUDIO\startup_stm32f429_439xx.o
I2C2_EV_IRQHandler                                TrueSTUDIO\startup_stm32f429_439xx.o
I2C3_ER_IRQHandler                                TrueSTUDIO\startup_stm32f429_439xx.o
I2C3_EV_IRQHandler                                TrueSTUDIO\startup_stm32f429_439xx.o
I2C_ARPCmd                                        STM32F4xx_StdPeriph_Driver\stm32f4xx_i2c.o
I2C_AcknowledgeConfig                             STM32F4xx_StdPeriph_Driver\stm32f4xx_i2c.o
I2C_AnalogFilterCmd                               STM32F4xx_StdPeriph_Driver\stm32f4xx_i2c.o
I2C_CalculatePEC                                  STM32F4xx_StdPeriph_Driver\stm32f4xx_i2c.o
I2C_CheckEvent                                    STM32F4xx_StdPeriph_Driver\stm32f4xx_i2c.o
I2C_ClearFlag                                     STM32F4xx_StdPeriph_Driver\stm32f4xx_i2c.o
I2C_ClearITPendingBit                             STM32F4xx_StdPeriph_Driver\stm32f4xx_i2c.o
I2C_Cmd                                           STM32F4xx_StdPeriph_Driver\stm32f4xx_i2c.o
                                                  STM32F429I-Discovery\stm32f429i_discovery.o
I2C_DMACmd                                        STM32F4xx_StdPeriph_Driver\stm32f4xx_i2c.o
I2C_DMALastTransferCmd                            STM32F4xx_StdPeriph_Driver\stm32f4xx_i2c.o
I2C_DeInit                                        STM32F4xx_StdPeriph_Driver\stm32f4xx_i2c.o
                                                  STM32F429I-Discovery\stm32f429i_discovery.o
I2C_DigitalFilterConfig                           STM32F4xx_StdPeriph_Driver\stm32f4xx_i2c.o
I2C_DualAddressCmd                                STM32F4xx_StdPeriph_Driver\stm32f4xx_i2c.o
I2C_FastModeDutyCycleConfig                       STM32F4xx_StdPeriph_Driver\stm32f4xx_i2c.o
I2C_GeneralCallCmd                                STM32F4xx_StdPeriph_Driver\stm32f4xx_i2c.o
I2C_GenerateSTART                                 STM32F4xx_StdPeriph_Driver\stm32f4xx_i2c.o
I2C_GenerateSTOP                                  STM32F4xx_StdPeriph_Driver\stm32f4xx_i2c.o
I2C_GetFlagStatus                                 STM32F4xx_StdPeriph_Driver\stm32f4xx_i2c.o
I2C_GetITStatus                                   STM32F4xx_StdPeriph_Driver\stm32f4xx_i2c.o
I2C_GetLastEvent                                  STM32F4xx_StdPeriph_Driver\stm32f4xx_i2c.o
I2C_GetPEC                                        STM32F4xx_StdPeriph_Driver\stm32f4xx_i2c.o
I2C_ITConfig                                      STM32F4xx_StdPeriph_Driver\stm32f4xx_i2c.o
I2C_Init                                          STM32F4xx_StdPeriph_Driver\stm32f4xx_i2c.o
I2C_NACKPositionConfig                            STM32F4xx_StdPeriph_Driver\stm32f4xx_i2c.o
I2C_OwnAddress2Config                             STM32F4xx_StdPeriph_Driver\stm32f4xx_i2c.o
I2C_PECPositionConfig                             STM32F4xx_StdPeriph_Driver\stm32f4xx_i2c.o
I2C_ReadRegister                                  STM32F4xx_StdPeriph_Driver\stm32f4xx_i2c.o
I2C_ReceiveData                                   STM32F4xx_StdPeriph_Driver\stm32f4xx_i2c.o
I2C_SMBusAlertConfig                              STM32F4xx_StdPeriph_Driver\stm32f4xx_i2c.o
I2C_Send7bitAddress                               STM32F4xx_StdPeriph_Driver\stm32f4xx_i2c.o
I2C_SendData                                      STM32F4xx_StdPeriph_Driver\stm32f4xx_i2c.o
I2C_SoftwareResetCmd                              STM32F4xx_StdPeriph_Driver\stm32f4xx_i2c.o
I2C_StretchClockCmd                               STM32F4xx_StdPeriph_Driver\stm32f4xx_i2c.o
I2C_StructInit                                    STM32F4xx_StdPeriph_Driver\stm32f4xx_i2c.o
I2C_TransmitPEC                                   STM32F4xx_StdPeriph_Driver\stm32f4xx_i2c.o
I2S_Cmd                                           STM32F4xx_StdPeriph_Driver\stm32f4xx_spi.o
I2S_FullDuplexConfig                              STM32F4xx_StdPeriph_Driver\stm32f4xx_spi.o
I2S_Init                                          STM32F4xx_StdPeriph_Driver\stm32f4xx_spi.o
I2S_StructInit                                    STM32F4xx_StdPeriph_Driver\stm32f4xx_spi.o
IWDG_Enable                                       STM32F4xx_StdPeriph_Driver\stm32f4xx_iwdg.o
IWDG_GetFlagStatus                                STM32F4xx_StdPeriph_Driver\stm32f4xx_iwdg.o
IWDG_ReloadCounter                                STM32F4xx_StdPeriph_Driver\stm32f4xx_iwdg.o
IWDG_SetPrescaler                                 STM32F4xx_StdPeriph_Driver\stm32f4xx_iwdg.o
IWDG_SetReload                                    STM32F4xx_StdPeriph_Driver\stm32f4xx_iwdg.o
IWDG_WriteAccessCmd                               STM32F4xx_StdPeriph_Driver\stm32f4xx_iwdg.o
L3GD20Timeout                                     STM32F429I-Discovery\stm32f429i_discovery_l3gd20.o
L3GD20_FilterCmd                                  STM32F429I-Discovery\stm32f429i_discovery_l3gd20.o
                                                  User\main.o
L3GD20_FilterConfig                               STM32F429I-Discovery\stm32f429i_discovery_l3gd20.o
                                                  User\main.o
L3GD20_GetDataStatus                              STM32F429I-Discovery\stm32f429i_discovery_l3gd20.o
L3GD20_INT1InterruptCmd                           STM32F429I-Discovery\stm32f429i_discovery_l3gd20.o
L3GD20_INT1InterruptConfig                        STM32F429I-Discovery\stm32f429i_discovery_l3gd20.o
L3GD20_INT2InterruptCmd                           STM32F429I-Discovery\stm32f429i_discovery_l3gd20.o
L3GD20_Init                                       STM32F429I-Discovery\stm32f429i_discovery_l3gd20.o
                                                  User\main.o
L3GD20_Read                                       STM32F429I-Discovery\stm32f429i_discovery_l3gd20.o
                                                  User\main.o
L3GD20_RebootCmd                                  STM32F429I-Discovery\stm32f429i_discovery_l3gd20.o
L3GD20_TIMEOUT_UserCallback                       User\main.o
                                                  STM32F429I-Discovery\stm32f429i_discovery_l3gd20.o
L3GD20_Write                                      STM32F429I-Discovery\stm32f429i_discovery_l3gd20.o
LCD_ChipSelect                                    STM32F429I-Discovery\stm32f429i_discovery_lcd.o
LCD_Clear                                         STM32F429I-Discovery\stm32f429i_discovery_lcd.o
                                                  User\main.o
LCD_ClearLine                                     STM32F429I-Discovery\stm32f429i_discovery_lcd.o
LCD_ClosedPolyLine                                STM32F429I-Discovery\stm32f429i_discovery_lcd.o
LCD_ClosedPolyLineRelative                        STM32F429I-Discovery\stm32f429i_discovery_lcd.o
LCD_CtrlLinesConfig                               STM32F429I-Discovery\stm32f429i_discovery_lcd.o
LCD_CtrlLinesWrite                                STM32F429I-Discovery\stm32f429i_discovery_lcd.o
LCD_DeInit                                        STM32F429I-Discovery\stm32f429i_discovery_lcd.o
LCD_DisplayChar                                   STM32F429I-Discovery\stm32f429i_discovery_lcd.o
LCD_DisplayOff                                    STM32F429I-Discovery\stm32f429i_discovery_lcd.o
LCD_DisplayOn                                     STM32F429I-Discovery\stm32f429i_discovery_lcd.o
LCD_DisplayStringLine                             STM32F429I-Discovery\stm32f429i_discovery_lcd.o
LCD_DrawChar                                      STM32F429I-Discovery\stm32f429i_discovery_lcd.o
LCD_DrawCircle                                    STM32F429I-Discovery\stm32f429i_discovery_lcd.o
LCD_DrawEllipse                                   STM32F429I-Discovery\stm32f429i_discovery_lcd.o
LCD_DrawFullCircle                                STM32F429I-Discovery\stm32f429i_discovery_lcd.o
LCD_DrawFullEllipse                               STM32F429I-Discovery\stm32f429i_discovery_lcd.o
LCD_DrawFullRect                                  STM32F429I-Discovery\stm32f429i_discovery_lcd.o
                                                  User\main.o
LCD_DrawLine                                      STM32F429I-Discovery\stm32f429i_discovery_lcd.o
LCD_DrawMonoPict                                  STM32F429I-Discovery\stm32f429i_discovery_lcd.o
LCD_DrawRect                                      STM32F429I-Discovery\stm32f429i_discovery_lcd.o
LCD_DrawUniLine                                   STM32F429I-Discovery\stm32f429i_discovery_lcd.o
LCD_FillPolyLine                                  STM32F429I-Discovery\stm32f429i_discovery_lcd.o
LCD_FillTriangle                                  STM32F429I-Discovery\stm32f429i_discovery_lcd.o
                                                  User\main.o
LCD_GetColors                                     STM32F429I-Discovery\stm32f429i_discovery_lcd.o
LCD_GetFont                                       STM32F429I-Discovery\stm32f429i_discovery_lcd.o
LCD_Init                                          STM32F429I-Discovery\stm32f429i_discovery_lcd.o
                                                  User\main.o
LCD_LayerInit                                     STM32F429I-Discovery\stm32f429i_discovery_lcd.o
                                                  User\main.o
LCD_PolyLine                                      STM32F429I-Discovery\stm32f429i_discovery_lcd.o
LCD_PolyLineRelative                              STM32F429I-Discovery\stm32f429i_discovery_lcd.o
LCD_PowerOn                                       STM32F429I-Discovery\stm32f429i_discovery_lcd.o
LCD_ReSetColorKeying                              STM32F429I-Discovery\stm32f429i_discovery_lcd.o
LCD_SPIConfig                                     STM32F429I-Discovery\stm32f429i_discovery_lcd.o
LCD_SetBackColor                                  STM32F429I-Discovery\stm32f429i_discovery_lcd.o
LCD_SetColorKeying                                STM32F429I-Discovery\stm32f429i_discovery_lcd.o
LCD_SetColors                                     STM32F429I-Discovery\stm32f429i_discovery_lcd.o
LCD_SetCursor                                     STM32F429I-Discovery\stm32f429i_discovery_lcd.o
LCD_SetDisplayWindow                              STM32F429I-Discovery\stm32f429i_discovery_lcd.o