stm32f4xx_fmc.c:130:6:FMC_NORSRAMDeInit	0	static
stm32f4xx_fmc.c:157:6:FMC_NORSRAMInit	16	static
stm32f4xx_fmc.c:257:6:FMC_NORSRAMStructInit	8	static
stm32f4xx_fmc.c:302:6:FMC_NORSRAMCmd	0	static
stm32f4xx_fmc.c:375:6:FMC_NANDDeInit	0	static
stm32f4xx_fmc.c:406:6:FMC_NANDInit	12	static
stm32f4xx_fmc.c:471:6:FMC_NANDStructInit	0	static
stm32f4xx_fmc.c:500:6:FMC_NANDCmd	0	static
stm32f4xx_fmc.c:540:6:FMC_NANDECCCmd	0	static
stm32f4xx_fmc.c:579:10:FMC_GetECC	0	static
stm32f4xx_fmc.c:643:6:FMC_PCCARDDeInit	0	static
stm32f4xx_fmc.c:660:6:FMC_PCCARDInit	8	static
stm32f4xx_fmc.c:712:6:FMC_PCCARDStructInit	0	static
stm32f4xx_fmc.c:738:6:FMC_PCCARDCmd	0	static
stm32f4xx_fmc.c:810:6:FMC_SDRAMDeInit	0	static
stm32f4xx_fmc.c:830:6:FMC_SDRAMInit	20	static
stm32f4xx_fmc.c:920:6:FMC_SDRAMStructInit	0	static
stm32f4xx_fmc.c:950:6:FMC_SDRAMCmdConfig	0	static
stm32f4xx_fmc.c:976:10:FMC_GetModeStatus	0	static
stm32f4xx_fmc.c:1002:6:FMC_SetRefreshCount	0	static
stm32f4xx_fmc.c:1016:6:FMC_SetAutoRefresh_Number	0	static
stm32f4xx_fmc.c:1032:6:FMC_SDRAMWriteProtectionConfig	0	static
stm32f4xx_fmc.c:1084:6:FMC_ITConfig	0	static
stm32f4xx_fmc.c:1161:12:FMC_GetFlagStatus	0	static
stm32f4xx_fmc.c:1217:6:FMC_ClearFlag	0	static
stm32f4xx_fmc.c:1260:10:FMC_GetITStatus	0	static
stm32f4xx_fmc.c:1332:6:FMC_ClearITPendingBit	0	static
