stm32f4xx_sai.c:182:6:SAI_DeInit	8	static
stm32f4xx_sai.c:205:6:SAI_Init	8	static
stm32f4xx_sai.c:272:6:SAI_FrameInit	8	static
stm32f4xx_sai.c:320:6:SAI_SlotInit	8	static
stm32f4xx_sai.c:359:6:SAI_StructInit	0	static
stm32f4xx_sai.c:390:6:SAI_FrameStructInit	0	static
stm32f4xx_sai.c:411:6:SAI_SlotStructInit	0	static
stm32f4xx_sai.c:432:6:SAI_Cmd	0	static
stm32f4xx_sai.c:484:6:SAI_TRIStateConfig	0	static
stm32f4xx_sai.c:461:6:SAI_MonoModeConfig	0	static
stm32f4xx_sai.c:512:6:SAI_CompandingModeConfig	0	static
stm32f4xx_sai.c:536:6:SAI_MuteModeCmd	0	static
stm32f4xx_sai.c:567:6:SAI_MuteValueConfig	0	static
stm32f4xx_sai.c:589:6:SAI_MuteFrameCounterConfig	0	static
stm32f4xx_sai.c:612:6:SAI_FlushFIFO	0	static
stm32f4xx_sai.c:654:10:SAI_ReceiveData	0	static
stm32f4xx_sai.c:670:6:SAI_SendData	0	static
stm32f4xx_sai.c:702:6:SAI_DMACmd	0	static
stm32f4xx_sai.c:846:6:SAI_ITConfig	0	static
stm32f4xx_sai.c:879:12:SAI_GetFlagStatus	0	static
stm32f4xx_sai.c:922:6:SAI_ClearFlag	0	static
stm32f4xx_sai.c:947:10:SAI_GetITStatus	0	static
stm32f4xx_sai.c:994:6:SAI_ClearITPendingBit	0	static
stm32f4xx_sai.c:1016:17:SAI_GetCmdStatus	0	static
stm32f4xx_sai.c:1049:10:SAI_GetFIFOStatus	0	static
