stm32f4xx_flash.c:248:6:FLASH_SetLatency	0	static
stm32f4xx_flash.c:263:6:FLASH_PrefetchBufferCmd	0	static
stm32f4xx_flash.c:285:6:FLASH_InstructionCacheCmd	0	static
stm32f4xx_flash.c:306:6:FLASH_DataCacheCmd	0	static
stm32f4xx_flash.c:327:6:FLASH_InstructionCacheReset	0	static
stm32f4xx_flash.c:338:6:FLASH_DataCacheReset	0	static
stm32f4xx_flash.c:385:6:FLASH_Unlock	0	static
stm32f4xx_flash.c:400:6:FLASH_Lock	0	static
stm32f4xx_flash.c:936:6:FLASH_OB_Unlock	0	static
stm32f4xx_flash.c:951:6:FLASH_OB_Lock	0	static
stm32f4xx_flash.c:1066:6:FLASH_OB_PCROPSelectionConfig	0	static
stm32f4xx_flash.c:1242:6:FLASH_OB_BootConfig	0	static
stm32f4xx_flash.c:1263:6:FLASH_OB_BORConfig	0	static
stm32f4xx_flash.c:1299:9:FLASH_OB_GetUser	0	static
stm32f4xx_flash.c:1310:10:FLASH_OB_GetWRP	0	static
stm32f4xx_flash.c:1324:10:FLASH_OB_GetWRP1	0	static
stm32f4xx_flash.c:1338:10:FLASH_OB_GetPCROP	0	static
stm32f4xx_flash.c:1352:10:FLASH_OB_GetPCROP1	0	static
stm32f4xx_flash.c:1365:12:FLASH_OB_GetRDP	0	static
stm32f4xx_flash.c:1389:9:FLASH_OB_GetBOR	0	static
stm32f4xx_flash.c:1418:6:FLASH_ITConfig	0	static
stm32f4xx_flash.c:1450:12:FLASH_GetFlagStatus	0	static
stm32f4xx_flash.c:1481:6:FLASH_ClearFlag	0	static
stm32f4xx_flash.c:1496:14:FLASH_GetStatus	0	static
stm32f4xx_flash.c:1546:14:FLASH_WaitForLastOperation	16	static
stm32f4xx_flash.c:437:14:FLASH_EraseSector	16	static
stm32f4xx_flash.c:505:14:FLASH_EraseAllSectors	8	static
stm32f4xx_flash.c:586:14:FLASH_EraseAllBank1Sectors	8	static
stm32f4xx_flash.c:653:14:FLASH_EraseAllBank2Sectors	8	static
stm32f4xx_flash.c:710:14:FLASH_ProgramDoubleWord	24	static
stm32f4xx_flash.c:753:14:FLASH_ProgramWord	16	static
stm32f4xx_flash.c:795:14:FLASH_ProgramHalfWord	16	static
stm32f4xx_flash.c:837:14:FLASH_ProgramByte	16	static
stm32f4xx_flash.c:974:6:FLASH_OB_WRPConfig	16	static
stm32f4xx_flash.c:1016:6:FLASH_OB_WRP1Config	16	static
stm32f4xx_flash.c:1096:6:FLASH_OB_PCROPConfig	16	static
stm32f4xx_flash.c:1133:6:FLASH_OB_PCROP1Config	16	static
stm32f4xx_flash.c:1169:6:FLASH_OB_RDPConfig	8	static
stm32f4xx_flash.c:1201:6:FLASH_OB_UserConfig	16	static
stm32f4xx_flash.c:1280:14:FLASH_OB_Launch	0	static
