stm32f4xx_dma2d.c:105:6:DMA2D_DeInit	8	static
stm32f4xx_dma2d.c:122:6:DMA2D_Init	16	static
stm32f4xx_dma2d.c:211:6:DMA2D_StructInit	0	static
stm32f4xx_dma2d.c:242:6:DMA2D_StartTransfer	0	static
stm32f4xx_dma2d.c:254:6:DMA2D_AbortTransfer	0	static
stm32f4xx_dma2d.c:267:6:DMA2D_Suspend	0	static
stm32f4xx_dma2d.c:292:6:DMA2D_FGConfig	8	static
stm32f4xx_dma2d.c:344:6:DMA2D_FG_StructInit	0	static
stm32f4xx_dma2d.c:389:6:DMA2D_BGConfig	8	static
stm32f4xx_dma2d.c:442:6:DMA2D_BG_StructInit	0	static
stm32f4xx_dma2d.c:485:6:DMA2D_FGStart	0	static
stm32f4xx_dma2d.c:509:6:DMA2D_BGStart	0	static
stm32f4xx_dma2d.c:532:6:DMA2D_DeadTimeConfig	0	static
stm32f4xx_dma2d.c:559:6:DMA2D_LineWatermarkConfig	0	static
stm32f4xx_dma2d.c:626:6:DMA2D_ITConfig	0	static
stm32f4xx_dma2d.c:657:12:DMA2D_GetFlagStatus	0	static
stm32f4xx_dma2d.c:691:6:DMA2D_ClearFlag	0	static
stm32f4xx_dma2d.c:712:10:DMA2D_GetITStatus	0	static
stm32f4xx_dma2d.c:752:6:DMA2D_ClearITPendingBit	0	static
