stm32f429i_discovery_lcd.c:397:6:LCD_ChipSelect.part.0	0	static
stm32f429i_discovery_lcd.c:1938:13:delay.constprop	8	static
stm32f429i_discovery_lcd.c:316:6:LCD_LayerInit	80	static
stm32f429i_discovery_lcd.c:397:6:LCD_ChipSelect	0	static
stm32f429i_discovery_lcd.c:414:6:LCD_SetLayer	0	static
stm32f429i_discovery_lcd.c:434:6:LCD_SetColors	0	static
stm32f429i_discovery_lcd.c:448:6:LCD_GetColors	0	static
stm32f429i_discovery_lcd.c:459:6:LCD_SetTextColor	0	static
stm32f429i_discovery_lcd.c:469:6:LCD_SetBackColor	0	static
stm32f429i_discovery_lcd.c:479:6:LCD_SetFont	0	static
stm32f429i_discovery_lcd.c:490:6:LCD_SetTransparency	8	static
stm32f429i_discovery_lcd.c:508:8:LCD_GetFont	0	static
stm32f429i_discovery_lcd.c:540:6:LCD_Clear	0	static
stm32f429i_discovery_lcd.c:557:10:LCD_SetCursor	0	static
stm32f429i_discovery_lcd.c:567:6:LCD_SetColorKeying	24	static
stm32f429i_discovery_lcd.c:595:6:LCD_ReSetColorKeying	24	static
stm32f429i_discovery_lcd.c:620:6:LCD_DrawChar	36	static
stm32f429i_discovery_lcd.c:660:6:LCD_DisplayChar	4	static
stm32f429i_discovery_lcd.c:522:6:LCD_ClearLine	24	static
stm32f429i_discovery_lcd.c:675:6:LCD_DisplayStringLine	24	static
stm32f429i_discovery_lcd.c:698:6:LCD_SetDisplayWindow	16	static
stm32f429i_discovery_lcd.c:728:6:LCD_WindowModeDisable	0	static
stm32f429i_discovery_lcd.c:742:6:LCD_DrawLine	64	static
stm32f429i_discovery_lcd.c:796:6:LCD_DrawRect	24	static
stm32f429i_discovery_lcd.c:814:6:LCD_DrawCircle	24	static
stm32f429i_discovery_lcd.c:841:6:LCD_DrawFullEllipse	56	static
stm32f429i_discovery_lcd.c:898:6:LCD_DrawEllipse	40	static
stm32f429i_discovery_lcd.c:951:6:LCD_DrawMonoPict	20	static
stm32f429i_discovery_lcd.c:977:6:LCD_WriteBMP	48	static
stm32f429i_discovery_lcd.c:1089:6:LCD_DrawFullRect	64	static
stm32f429i_discovery_lcd.c:1134:6:LCD_DrawFullCircle	48	static
stm32f429i_discovery_lcd.c:1181:6:LCD_DrawUniLine	56	static
stm32f429i_discovery_lcd.c:1381:13:LCD_PolyLineRelativeClosed	32	static
stm32f429i_discovery_lcd.c:1253:6:LCD_Triangle	8	static
stm32f429i_discovery_lcd.c:1279:6:LCD_FillTriangle	64	static
stm32f429i_discovery_lcd.c:1355:6:LCD_PolyLine	16	static
stm32f429i_discovery_lcd.c:1411:6:LCD_ClosedPolyLine	16	static
stm32f429i_discovery_lcd.c:1423:6:LCD_PolyLineRelative	0	static
stm32f429i_discovery_lcd.c:1434:6:LCD_ClosedPolyLineRelative	0	static
stm32f429i_discovery_lcd.c:1445:6:LCD_FillPolyLine	72	static
stm32f429i_discovery_lcd.c:1511:6:LCD_WriteCommand	8	static
stm32f429i_discovery_lcd.c:1535:6:LCD_WriteData	8	static
stm32f429i_discovery_lcd.c:1558:6:LCD_PowerOn	8	static
stm32f429i_discovery_lcd.c:1683:6:LCD_DisplayOn	0	static
stm32f429i_discovery_lcd.c:1693:6:LCD_DisplayOff	0	static
stm32f429i_discovery_lcd.c:114:6:LCD_DeInit	32	static
stm32f429i_discovery_lcd.c:1706:6:LCD_CtrlLinesConfig	24	static
stm32f429i_discovery_lcd.c:1743:6:LCD_CtrlLinesWrite	0	static
stm32f429i_discovery_lcd.c:1754:6:LCD_SPIConfig	48	static
stm32f429i_discovery_lcd.c:231:6:LCD_Init	72	static
