stm32f429i_discovery.c:122:6:STM_EVAL_LEDInit	16	static
stm32f429i_discovery.c:146:6:STM_EVAL_LEDOn	0	static
stm32f429i_discovery.c:159:6:STM_EVAL_LEDOff	0	static
stm32f429i_discovery.c:172:6:STM_EVAL_LEDToggle	0	static
stm32f429i_discovery.c:188:6:STM_EVAL_PBInit	40	static
stm32f429i_discovery.c:232:10:STM_EVAL_PBGetState	8	static
stm32f429i_discovery.c:242:6:sEE_LowLevel_DeInit	24	static
stm32f429i_discovery.c:291:6:sEE_LowLevel_Init	32	static
stm32f429i_discovery.c:387:6:sEE_LowLevel_DMAConfig	0	static
